Archive member included to satisfy reference by file (symbol)

/opt/st/stm32cubeide_1.18.0/plugins/com.st.stm32cube.ide.mcu.externaltools.gnu-tools-for-stm32.13.3.rel1.linux64_1.0.0.202410170706/tools/bin/../lib/gcc/arm-none-eabi/13.3.1/../../../../arm-none-eabi/lib/thumb/v7e-m+fp/hard/libc_nano.a(libc_a-exit.o)
                              /opt/st/stm32cubeide_1.18.0/plugins/com.st.stm32cube.ide.mcu.externaltools.gnu-tools-for-stm32.13.3.rel1.linux64_1.0.0.202410170706/tools/bin/../lib/gcc/arm-none-eabi/13.3.1/../../../../arm-none-eabi/lib/thumb/v7e-m+fp/hard/crt0.o (exit)
/opt/st/stm32cubeide_1.18.0/plugins/com.st.stm32cube.ide.mcu.externaltools.gnu-tools-for-stm32.13.3.rel1.linux64_1.0.0.202410170706/tools/bin/../lib/gcc/arm-none-eabi/13.3.1/../../../../arm-none-eabi/lib/thumb/v7e-m+fp/hard/libc_nano.a(libc_a-malloc.o)
                              ./Middlewares/ST/STM32_USB_Host_Library/Class/CDC/Src/usbh_cdc.o (malloc)
/opt/st/stm32cubeide_1.18.0/plugins/com.st.stm32cube.ide.mcu.externaltools.gnu-tools-for-stm32.13.3.rel1.linux64_1.0.0.202410170706/tools/bin/../lib/gcc/arm-none-eabi/13.3.1/../../../../arm-none-eabi/lib/thumb/v7e-m+fp/hard/libc_nano.a(libc_a-mallocr.o)
                              /opt/st/stm32cubeide_1.18.0/plugins/com.st.stm32cube.ide.mcu.externaltools.gnu-tools-for-stm32.13.3.rel1.linux64_1.0.0.202410170706/tools/bin/../lib/gcc/arm-none-eabi/13.3.1/../../../../arm-none-eabi/lib/thumb/v7e-m+fp/hard/libc_nano.a(libc_a-malloc.o) (_malloc_r)
/opt/st/stm32cubeide_1.18.0/plugins/com.st.stm32cube.ide.mcu.externaltools.gnu-tools-for-stm32.13.3.rel1.linux64_1.0.0.202410170706/tools/bin/../lib/gcc/arm-none-eabi/13.3.1/../../../../arm-none-eabi/lib/thumb/v7e-m+fp/hard/libc_nano.a(libc_a-mlock.o)
                              /opt/st/stm32cubeide_1.18.0/plugins/com.st.stm32cube.ide.mcu.externaltools.gnu-tools-for-stm32.13.3.rel1.linux64_1.0.0.202410170706/tools/bin/../lib/gcc/arm-none-eabi/13.3.1/../../../../arm-none-eabi/lib/thumb/v7e-m+fp/hard/libc_nano.a(libc_a-mallocr.o) (__malloc_lock)
/opt/st/stm32cubeide_1.18.0/plugins/com.st.stm32cube.ide.mcu.externaltools.gnu-tools-for-stm32.13.3.rel1.linux64_1.0.0.202410170706/tools/bin/../lib/gcc/arm-none-eabi/13.3.1/../../../../arm-none-eabi/lib/thumb/v7e-m+fp/hard/libc_nano.a(libc_a-findfp.o)
                              /opt/st/stm32cubeide_1.18.0/plugins/com.st.stm32cube.ide.mcu.externaltools.gnu-tools-for-stm32.13.3.rel1.linux64_1.0.0.202410170706/tools/bin/../lib/gcc/arm-none-eabi/13.3.1/../../../../arm-none-eabi/lib/thumb/v7e-m+fp/hard/libc_nano.a(libc_a-exit.o) (__stdio_exit_handler)
/opt/st/stm32cubeide_1.18.0/plugins/com.st.stm32cube.ide.mcu.externaltools.gnu-tools-for-stm32.13.3.rel1.linux64_1.0.0.202410170706/tools/bin/../lib/gcc/arm-none-eabi/13.3.1/../../../../arm-none-eabi/lib/thumb/v7e-m+fp/hard/libc_nano.a(libc_a-fwalk.o)
                              /opt/st/stm32cubeide_1.18.0/plugins/com.st.stm32cube.ide.mcu.externaltools.gnu-tools-for-stm32.13.3.rel1.linux64_1.0.0.202410170706/tools/bin/../lib/gcc/arm-none-eabi/13.3.1/../../../../arm-none-eabi/lib/thumb/v7e-m+fp/hard/libc_nano.a(libc_a-findfp.o) (_fwalk_sglue)
/opt/st/stm32cubeide_1.18.0/plugins/com.st.stm32cube.ide.mcu.externaltools.gnu-tools-for-stm32.13.3.rel1.linux64_1.0.0.202410170706/tools/bin/../lib/gcc/arm-none-eabi/13.3.1/../../../../arm-none-eabi/lib/thumb/v7e-m+fp/hard/libc_nano.a(libc_a-stdio.o)
                              /opt/st/stm32cubeide_1.18.0/plugins/com.st.stm32cube.ide.mcu.externaltools.gnu-tools-for-stm32.13.3.rel1.linux64_1.0.0.202410170706/tools/bin/../lib/gcc/arm-none-eabi/13.3.1/../../../../arm-none-eabi/lib/thumb/v7e-m+fp/hard/libc_nano.a(libc_a-findfp.o) (__sread)
/opt/st/stm32cubeide_1.18.0/plugins/com.st.stm32cube.ide.mcu.externaltools.gnu-tools-for-stm32.13.3.rel1.linux64_1.0.0.202410170706/tools/bin/../lib/gcc/arm-none-eabi/13.3.1/../../../../arm-none-eabi/lib/thumb/v7e-m+fp/hard/libc_nano.a(libc_a-memset.o)
                              /opt/st/stm32cubeide_1.18.0/plugins/com.st.stm32cube.ide.mcu.externaltools.gnu-tools-for-stm32.13.3.rel1.linux64_1.0.0.202410170706/tools/bin/../lib/gcc/arm-none-eabi/13.3.1/../../../../arm-none-eabi/lib/thumb/v7e-m+fp/hard/crt0.o (memset)
/opt/st/stm32cubeide_1.18.0/plugins/com.st.stm32cube.ide.mcu.externaltools.gnu-tools-for-stm32.13.3.rel1.linux64_1.0.0.202410170706/tools/bin/../lib/gcc/arm-none-eabi/13.3.1/../../../../arm-none-eabi/lib/thumb/v7e-m+fp/hard/libc_nano.a(libc_a-closer.o)
                              /opt/st/stm32cubeide_1.18.0/plugins/com.st.stm32cube.ide.mcu.externaltools.gnu-tools-for-stm32.13.3.rel1.linux64_1.0.0.202410170706/tools/bin/../lib/gcc/arm-none-eabi/13.3.1/../../../../arm-none-eabi/lib/thumb/v7e-m+fp/hard/libc_nano.a(libc_a-stdio.o) (_close_r)
[...]
Memory Configuration

Name             Origin             Length             Attributes
CCMRAM           0x10000000         0x00010000         xrw
RAM              0x20000000         0x00030000         xrw
FLASH            0x08000000         0x00200000         xr
*default*        0x00000000         0xffffffff

Linker script and memory map

LOAD /opt/st/stm32cubeide_1.18.0/plugins/com.st.stm32cube.ide.mcu.externaltools.gnu-tools-for-stm32.13.3.rel1.linux64_1.0.0.202410170706/tools/bin/../lib/gcc/arm-none-eabi/13.3.1/thumb/v7e-m+fp/hard/crti.o
LOAD /opt/st/stm32cubeide_1.18.0/plugins/com.st.stm32cube.ide.mcu.externaltools.gnu-tools-for-stm32.13.3.rel1.linux64_1.0.0.202410170706/tools/bin/../lib/gcc/arm-none-eabi/13.3.1/thumb/v7e-m+fp/hard/crtbegin.o
LOAD /opt/st/stm32cubeide_1.18.0/plugins/com.st.stm32cube.ide.mcu.externaltools.gnu-tools-for-stm32.13.3.rel1.linux64_1.0.0.202410170706/tools/bin/../lib/gcc/arm-none-eabi/13.3.1/../../../../arm-none-eabi/lib/thumb/v7e-m+fp/hard/crt0.o
LOAD ./Core/Src/crc.o
LOAD ./Core/Src/dma.o
LOAD ./Core/Src/dma2d.o
LOAD ./Core/Src/fmc.o
LOAD ./Core/Src/freertos.o
LOAD ./Core/Src/gpio.o
LOAD ./Core/Src/i2c.o
LOAD ./Core/Src/lcd.o
LOAD ./Core/Src/ltdc.o
LOAD ./Core/Src/main.o
LOAD ./Core/Src/spi.o
LOAD ./Core/Src/stm32f4xx_hal_msp.o
LOAD ./Core/Src/stm32f4xx_hal_timebase_tim.o
LOAD ./Core/Src/stm32f4xx_it.o
LOAD ./Core/Src/syscalls.o
LOAD ./Core/Src/sysmem.o
LOAD ./Core/Src/system_stm32f4xx.o
LOAD ./Core/Src/tim.o
LOAD ./Core/Src/usart.o
LOAD ./Core/Startup/startup_stm32f429zitx.o
LOAD ./Drivers/STM32F4xx_HAL_Driver/Src/stm32f4xx_hal.o
LOAD ./Drivers/STM32F4xx_HAL_Driver/Src/stm32f4xx_hal_cortex.o
LOAD ./Drivers/STM32F4xx_HAL_Driver/Src/stm32f4xx_hal_crc.o
LOAD ./Drivers/STM32F4xx_HAL_Driver/Src/stm32f4xx_hal_dma.o
LOAD ./Drivers/STM32F4xx_HAL_Driver/Src/stm32f4xx_hal_dma2d.o
LOAD ./Drivers/STM32F4xx_HAL_Driver/Src/stm32f4xx_hal_dma_ex.o
LOAD ./Drivers/STM32F4xx_HAL_Driver/Src/stm32f4xx_hal_dsi.o
LOAD ./Drivers/STM32F4xx_HAL_Driver/Src/stm32f4xx_hal_exti.o
LOAD ./Drivers/STM32F4xx_HAL_Driver/Src/stm32f4xx_hal_flash.o
LOAD ./Drivers/STM32F4xx_HAL_Driver/Src/stm32f4xx_hal_flash_ex.o
LOAD ./Drivers/STM32F4xx_HAL_Driver/Src/stm32f4xx_hal_flash_ramfunc.o
LOAD ./Drivers/STM32F4xx_HAL_Driver/Src/stm32f4xx_hal_gpio.o
LOAD ./Drivers/STM32F4xx_HAL_Driver/Src/stm32f4xx_hal_hcd.o
LOAD ./Drivers/STM32F4xx_HAL_Driver/Src/stm32f4xx_hal_i2c.o
LOAD ./Drivers/STM32F4xx_HAL_Driver/Src/stm32f4xx_hal_i2c_ex.o
LOAD ./Drivers/STM32F4xx_HAL_Driver/Src/stm32f4xx_hal_ltdc.o
LOAD ./Drivers/STM32F4xx_HAL_Driver/Src/stm32f4xx_hal_ltdc_ex.o
LOAD ./Drivers/STM32F4xx_HAL_Driver/Src/stm32f4xx_hal_nand.o
LOAD ./Drivers/STM32F4xx_HAL_Driver/Src/stm32f4xx_hal_nor.o
LOAD ./Drivers/STM32F4xx_HAL_Driver/Src/stm32f4xx_hal_pccard.o
LOAD ./Drivers/STM32F4xx_HAL_Driver/Src/stm32f4xx_hal_pwr.o
LOAD ./Drivers/STM32F4xx_HAL_Driver/Src/stm32f4xx_hal_pwr_ex.o
LOAD ./Drivers/STM32F4xx_HAL_Driver/Src/stm32f4xx_hal_rcc.o
LOAD ./Drivers/STM32F4xx_HAL_Driver/Src/stm32f4xx_hal_rcc_ex.o
LOAD ./Drivers/STM32F4xx_HAL_Driver/Src/stm32f4xx_hal_sdram.o
LOAD ./Drivers/STM32F4xx_HAL_Driver/Src/stm32f4xx_hal_spi.o
LOAD ./Drivers/STM32F4xx_HAL_Driver/Src/stm32f4xx_hal_sram.o
LOAD ./Drivers/STM32F4xx_HAL_Driver/Src/stm32f4xx_hal_tim.o
LOAD ./Drivers/STM32F4xx_HAL_Driver/Src/stm32f4xx_hal_tim_ex.o
LOAD ./Drivers/STM32F4xx_HAL_Driver/Src/stm32f4xx_hal_uart.o
LOAD ./Drivers/STM32F4xx_HAL_Driver/Src/stm32f4xx_ll_fmc.o
LOAD ./Drivers/STM32F4xx_HAL_Driver/Src/stm32f4xx_ll_usb.o
LOAD ./Middlewares/ST/STM32_USB_Host_Library/Class/CDC/Src/usbh_cdc.o
LOAD ./Middlewares/ST/STM32_USB_Host_Library/Core/Src/usbh_core.o
LOAD ./Middlewares/ST/STM32_USB_Host_Library/Core/Src/usbh_ctlreq.o
LOAD ./Middlewares/ST/STM32_USB_Host_Library/Core/Src/usbh_ioreq.o
LOAD ./Middlewares/ST/STM32_USB_Host_Library/Core/Src/usbh_pipes.o
LOAD ./Middlewares/Third_Party/FreeRTOS/Source/CMSIS_RTOS/cmsis_os.o
LOAD ./Middlewares/Third_Party/FreeRTOS/Source/croutine.o
LOAD ./Middlewares/Third_Party/FreeRTOS/Source/event_groups.o
LOAD ./Middlewares/Third_Party/FreeRTOS/Source/list.o
LOAD ./Middlewares/Third_Party/FreeRTOS/Source/queue.o
LOAD ./Middlewares/Third_Party/FreeRTOS/Source/stream_buffer.o
LOAD ./Middlewares/Third_Party/FreeRTOS/Source/tasks.o
LOAD ./Middlewares/Third_Party/FreeRTOS/Source/timers.o
LOAD ./Middlewares/Third_Party/FreeRTOS/Source/portable/GCC/ARM_CM4F/port.o
LOAD ./Middlewares/Third_Party/FreeRTOS/Source/portable/MemMang/heap_4.o
LOAD ./USB_HOST/App/usb_host.o
LOAD ./USB_HOST/Target/usbh_conf.o
LOAD ./USB_HOST/Target/usbh_platform.o
START GROUP
LOAD /opt/st/stm32cubeide_1.18.0/plugins/com.st.stm32cube.ide.mcu.externaltools.gnu-tools-for-stm32.13.3.rel1.linux64_1.0.0.202410170706/tools/bin/../lib/gcc/arm-none-eabi/13.3.1/../../../../arm-none-eabi/lib/thumb/v7e-m+fp/hard/libc_nano.a
LOAD /opt/st/stm32cubeide_1.18.0/plugins/com.st.stm32cube.ide.mcu.externaltools.gnu-tools-for-stm32.13.3.rel1.linux64_1.0.0.202410170706/tools/bin/../lib/gcc/arm-none-eabi/13.3.1/../../../../arm-none-eabi/lib/thumb/v7e-m+fp/hard/libm.a
END GROUP
START GROUP
LOAD /opt/st/stm32cubeide_1.18.0/plugins/com.st.stm32cube.ide.mcu.externaltools.gnu-tools-for-stm32.13.3.rel1.linux64_1.0.0.202410170706/tools/bin/../lib/gcc/arm-none-eabi/13.3.1/thumb/v7e-m+fp/hard/libgcc.a
LOAD /opt/st/stm32cubeide_1.18.0/plugins/com.st.stm32cube.ide.mcu.externaltools.gnu-tools-for-stm32.13.3.rel1.linux64_1.0.0.202410170706/tools/bin/../lib/gcc/arm-none-eabi/13.3.1/../../../../arm-none-eabi/lib/thumb/v7e-m+fp/hard/libc_nano.a
END GROUP
START GROUP
LOAD /opt/st/stm32cubeide_1.18.0/plugins/com.st.stm32cube.ide.mcu.externaltools.gnu-tools-for-stm32.13.3.rel1.linux64_1.0.0.202410170706/tools/bin/../lib/gcc/arm-none-eabi/13.3.1/thumb/v7e-m+fp/hard/libgcc.a
LOAD /opt/st/stm32cubeide_1.18.0/plugins/com.st.stm32cube.ide.mcu.externaltools.gnu-tools-for-stm32.13.3.rel1.linux64_1.0.0.202410170706/tools/bin/../lib/gcc/arm-none-eabi/13.3.1/../../../../arm-none-eabi/lib/thumb/v7e-m+fp/hard/libc_nano.a
LOAD /opt/st/stm32cubeide_1.18.0/plugins/com.st.stm32cube.ide.mcu.externaltools.gnu-tools-for-stm32.13.3.rel1.linux64_1.0.0.202410170706/tools/bin/../lib/gcc/arm-none-eabi/13.3.1/../../../../arm-none-eabi/lib/thumb/v7e-m+fp/hard/libnosys.a
END GROUP
START GROUP
LOAD /opt/st/stm32cubeide_1.18.0/plugins/com.st.stm32cube.ide.mcu.externaltools.gnu-tools-for-stm32.13.3.rel1.linux64_1.0.0.202410170706/tools/bin/../lib/gcc/arm-none-eabi/13.3.1/thumb/v7e-m+fp/hard/libgcc.a
LOAD /opt/st/stm32cubeide_1.18.0/plugins/com.st.stm32cube.ide.mcu.externaltools.gnu-tools-for-stm32.13.3.rel1.linux64_1.0.0.202410170706/tools/bin/../lib/gcc/arm-none-eabi/13.3.1/../../../../arm-none-eabi/lib/thumb/v7e-m+fp/hard/libc_nano.a
LOAD /opt/st/stm32cubeide_1.18.0/plugins/com.st.stm32cube.ide.mcu.externaltools.gnu-tools-for-stm32.13.3.rel1.linux64_1.0.0.202410170706/tools/bin/../lib/gcc/arm-none-eabi/13.3.1/../../../../arm-none-eabi/lib/thumb/v7e-m+fp/hard/libnosys.a
END GROUP
LOAD /opt/st/stm32cubeide_1.18.0/plugins/com.st.stm32cube.ide.mcu.externaltools.gnu-tools-for-stm32.13.3.rel1.linux64_1.0.0.202410170706/tools/bin/../lib/gcc/arm-none-eabi/13.3.1/thumb/v7e-m+fp/hard/crtend.o
LOAD /opt/st/stm32cubeide_1.18.0/plugins/com.st.stm32cube.ide.mcu.externaltools.gnu-tools-for-stm32.13.3.rel1.linux64_1.0.0.202410170706/tools/bin/../lib/gcc/arm-none-eabi/13.3.1/thumb/v7e-m+fp/hard/crtn.o
                0x20030000                        _estack = (ORIGIN (RAM) + LENGTH (RAM))
                0x00000200                        _Min_Heap_Size = 0x200
                0x00000400                        _Min_Stack_Size = 0x400

.isr_vector     0x08000000      0x1ac
                0x08000000                        . = ALIGN (0x4)
 *(.isr_vector)
 .isr_vector    0x08000000      0x1ac ./Core/Startup/startup_stm32f429zitx.o
                0x08000000                g_pfnVectors
                0x080001ac                        . = ALIGN (0x4)

.text           0x080001b0     0xaa54
                0x080001b0                        . = ALIGN (0x4)
 *(.text)
 .text          0x080001b0       0x40 /opt/st/stm32cubeide_1.18.0/plugins/com.st.stm32cube.ide.mcu.externaltools.gnu-tools-for-stm32.13.3.rel1.linux64_1.0.0.202410170706/tools/bin/../lib/gcc/arm-none-eabi/13.3.1/thumb/v7e-m+fp/hard/crtbegin.o
 .text          0x080001f0      0x378 /opt/st/stm32cubeide_1.18.0/plugins/com.st.stm32cube.ide.mcu.externaltools.gnu-tools-for-stm32.13.3.rel1.linux64_1.0.0.202410170706/tools/bin/../lib/gcc/arm-none-eabi/13.3.1/thumb/v7e-m+fp/hard/libgcc.a(_arm_addsubdf3.o)
                0x080001f0                __aeabi_drsub
                0x080001f8                __aeabi_dsub
                0x080001f8                __subdf3
                0x080001fc                __adddf3
                0x080001fc                __aeabi_dadd
                0x08000474                __aeabi_ui2d
                0x08000474                __floatunsidf
                0x08000494                __floatsidf
                0x08000494                __aeabi_i2d
                0x080004b8                __extendsfdf2
                0x080004b8                __aeabi_f2d
                0x080004fc                __aeabi_ul2d
                0x080004fc                __floatundidf
                0x0800050c                __floatdidf
                0x0800050c                __aeabi_l2d
 .text          0x08000568      0x424 /opt/st/stm32cubeide_1.18.0/plugins/com.st.stm32cube.ide.mcu.externaltools.gnu-tools-for-stm32.13.3.rel1.linux64_1.0.0.202410170706/tools/bin/../lib/gcc/arm-none-eabi/13.3.1/thumb/v7e-m+fp/hard/libgcc.a(_arm_muldivdf3.o)
                0x08000568                __aeabi_dmul
                0x08000568                __muldf3
                0x080007bc                __aeabi_ddiv
                0x080007bc                __divdf3
 .text          0x0800098c      0x110 /opt/st/stm32cubeide_1.18.0/plugins/com.st.stm32cube.ide.mcu.externaltools.gnu-tools-for-stm32.13.3.rel1.linux64_1.0.0.202410170706/tools/bin/../lib/gcc/arm-none-eabi/13.3.1/thumb/v7e-m+fp/hard/libgcc.a(_arm_cmpdf2.o)
                0x0800098c                __gtdf2
                0x0800098c                __gedf2
                0x08000994                __ltdf2
                0x08000994                __ledf2
                0x0800099c                __cmpdf2
                0x0800099c                __eqdf2
                0x0800099c                __nedf2
                0x08000a18                __aeabi_cdrcmple
                0x08000a28                __aeabi_cdcmple
                0x08000a28                __aeabi_cdcmpeq
                0x08000a38                __aeabi_dcmpeq
                0x08000a4c                __aeabi_dcmplt
                0x08000a60                __aeabi_dcmple
                0x08000a74                __aeabi_dcmpge
                0x08000a88                __aeabi_dcmpgt
 .text          0x08000a9c       0x2c /opt/st/stm32cubeide_1.18.0/plugins/com.st.stm32cube.ide.mcu.externaltools.gnu-tools-for-stm32.13.3.rel1.linux64_1.0.0.202410170706/tools/bin/../lib/gcc/arm-none-eabi/13.3.1/thumb/v7e-m+fp/hard/libgcc.a(_arm_unorddf2.o)
                0x08000a9c                __aeabi_dcmpun
                0x08000a9c                __unorddf2
 .text          0x08000ac8       0x30 /opt/st/stm32cubeide_1.18.0/plugins/com.st.stm32cube.ide.mcu.externaltools.gnu-tools-for-stm32.13.3.rel1.linux64_1.0.0.202410170706/tools/bin/../lib/gcc/arm-none-eabi/13.3.1/thumb/v7e-m+fp/hard/libgcc.a(_aeabi_uldivmod.o)
                0x08000ac8                __aeabi_uldivmod
 .text          0x08000af8      0x2f8 /opt/st/stm32cubeide_1.18.0/plugins/com.st.stm32cube.ide.mcu.externaltools.gnu-tools-for-stm32.13.3.rel1.linux64_1.0.0.202410170706/tools/bin/../lib/gcc/arm-none-eabi/13.3.1/thumb/v7e-m+fp/hard/libgcc.a(_udivmoddi4.o)
                0x08000af8                __udivmoddi4
 .text          0x08000df0        0x4 /opt/st/stm32cubeide_1.18.0/plugins/com.st.stm32cube.ide.mcu.externaltools.gnu-tools-for-stm32.13.3.rel1.linux64_1.0.0.202410170706/tools/bin/../lib/gcc/arm-none-eabi/13.3.1/thumb/v7e-m+fp/hard/libgcc.a(_dvmd_tls.o)
                0x08000df0                __aeabi_ldiv0
                0x08000df0                __aeabi_idiv0
 *(.text*)
 .text.MX_CRC_Init
                0x08000df4       0x28 ./Core/Src/crc.o
                0x08000df4                MX_CRC_Init
 .text.HAL_CRC_MspInit
                0x08000e1c       0x44 ./Core/Src/crc.o
                0x08000e1c                HAL_CRC_MspInit
 .text.MX_DMA_Init
                0x08000e60       0x40 ./Core/Src/dma.o
                0x08000e60                MX_DMA_Init
 .text.MX_DMA2D_Init
                0x08000ea0       0x64 ./Core/Src/dma2d.o
                0x08000ea0                MX_DMA2D_Init
 .text.HAL_DMA2D_MspInit
                0x08000f04       0x50 ./Core/Src/dma2d.o
                0x08000f04                HAL_DMA2D_MspInit
 .text.MX_FMC_Init
                0x08000f54       0xa0 ./Core/Src/fmc.o
                0x08000f54                MX_FMC_Init
 .text.HAL_FMC_MspInit
                0x08000ff4      0x124 ./Core/Src/fmc.o
 .text.HAL_SDRAM_MspInit
                0x08001118       0x14 ./Core/Src/fmc.o
                0x08001118                HAL_SDRAM_MspInit
 .text.vApplicationStackOverflowHook
                0x0800112c       0x16 ./Core/Src/freertos.o
                0x0800112c                vApplicationStackOverflowHook
 *fill*         0x08001142        0x2 
 .text.MX_GPIO_Init
                0x08001144      0x238 ./Core/Src/gpio.o
                0x08001144                MX_GPIO_Init
 .text.MX_I2C3_Init
                0x0800137c       0x80 ./Core/Src/i2c.o
                0x0800137c                MX_I2C3_Init
 .text.HAL_I2C_MspInit
                0x080013fc       0xd4 ./Core/Src/i2c.o
                0x080013fc                HAL_I2C_MspInit
 .text.lcd_cmd  0x080014d0       0x4c ./Core/Src/lcd.o
 .text.lcd_data
                0x0800151c       0x4c ./Core/Src/lcd.o
 .text.lcd_data16
                0x08001568       0x2a ./Core/Src/lcd.o
 .text.lcd_send
                0x08001592       0x32 ./Core/Src/lcd.o
 .text.lcd_init
                0x080015c4       0xa8 ./Core/Src/lcd.o
                0x080015c4                lcd_init
 .text.lcd_set_window
                0x0800166c       0x62 ./Core/Src/lcd.o
 *fill*         0x080016ce        0x2 
 .text.lcd_update_rectangle
                0x080016d0       0x84 ./Core/Src/lcd.o
                0x080016d0                lcd_update_rectangle
 .text.lcd_update_circle
                0x08001754       0x38 ./Core/Src/lcd.o
                0x08001754                lcd_update_circle
 .text.lcd_put_pixel
                0x0800178c       0x44 ./Core/Src/lcd.o
                0x0800178c                lcd_put_pixel
 .text.lcd_put_rect_to_buffer
                0x080017d0       0x76 ./Core/Src/lcd.o
 *fill*         0x08001846        0x2 
 .text.lcd_put_circ_to_buffer
                0x08001848       0xf8 ./Core/Src/lcd.o
 .text.put_figures_to_buffer
                0x08001940       0x48 ./Core/Src/lcd.o
 .text.lcd_update
                0x08001988       0x98 ./Core/Src/lcd.o
                0x08001988                lcd_update
 .text.lcd_transfer_done
                0x08001a20       0x18 ./Core/Src/lcd.o
                0x08001a20                lcd_transfer_done
 .text.send_next_chunk
                0x08001a38       0x8c ./Core/Src/lcd.o
 .text.go_for_next_chunk
                0x08001ac4       0x34 ./Core/Src/lcd.o
                0x08001ac4                go_for_next_chunk
 .text.MX_LTDC_Init
                0x08001af8      0x100 ./Core/Src/ltdc.o
                0x08001af8                MX_LTDC_Init
 .text.HAL_LTDC_MspInit
                0x08001bf8      0x260 ./Core/Src/ltdc.o
                0x08001bf8                HAL_LTDC_MspInit
 .text.click_led
                0x08001e58       0x6c ./Core/Src/main.o
                0x08001e58                click_led
 .text.HAL_SPI_TxCpltCallback
                0x08001ec4       0x20 ./Core/Src/main.o
                0x08001ec4                HAL_SPI_TxCpltCallback
 .text.set_new_figs
                0x08001ee4       0x30 ./Core/Src/main.o
                0x08001ee4                set_new_figs
 .text.main     0x08001f14       0x78 ./Core/Src/main.o
                0x08001f14                main
 .text.SystemClock_Config
                0x08001f8c       0xd4 ./Core/Src/main.o
                0x08001f8c                SystemClock_Config
 .text.HAL_TIM_PeriodElapsedCallback
                0x08002060       0x24 ./Core/Src/main.o
                0x08002060                HAL_TIM_PeriodElapsedCallback
 .text.Error_Handler
                0x08002084        0xc ./Core/Src/main.o
                0x08002084                Error_Handler
 .text.MX_SPI5_Init
                0x08002090       0x6c ./Core/Src/spi.o
                0x08002090                MX_SPI5_Init
 .text.HAL_SPI_MspInit
                0x080020fc       0xf4 ./Core/Src/spi.o
                0x080020fc                HAL_SPI_MspInit
 .text.HAL_MspInit
                0x080021f0       0x58 ./Core/Src/stm32f4xx_hal_msp.o
                0x080021f0                HAL_MspInit
 .text.HAL_InitTick
                0x08002248       0xf8 ./Core/Src/stm32f4xx_hal_timebase_tim.o
                0x08002248                HAL_InitTick
 .text.NMI_Handler
                0x08002340        0x8 ./Core/Src/stm32f4xx_it.o
                0x08002340                NMI_Handler
 .text.HardFault_Handler
                0x08002348        0x8 ./Core/Src/stm32f4xx_it.o
                0x08002348                HardFault_Handler
 .text.MemManage_Handler
                0x08002350        0x8 ./Core/Src/stm32f4xx_it.o
                0x08002350                MemManage_Handler
 .text.BusFault_Handler
                0x08002358        0x8 ./Core/Src/stm32f4xx_it.o
                0x08002358                BusFault_Handler
 .text.UsageFault_Handler
                0x08002360        0x8 ./Core/Src/stm32f4xx_it.o
                0x08002360                UsageFault_Handler
 .text.DebugMon_Handler
                0x08002368        0xe ./Core/Src/stm32f4xx_it.o
                0x08002368                DebugMon_Handler
 *fill*         0x08002376        0x2 
 .text.TIM6_DAC_IRQHandler
                0x08002378       0x14 ./Core/Src/stm32f4xx_it.o
                0x08002378                TIM6_DAC_IRQHandler
 .text.DMA2_Stream4_IRQHandler
                0x0800238c       0x14 ./Core/Src/stm32f4xx_it.o
                0x0800238c                DMA2_Stream4_IRQHandler
 .text.OTG_HS_IRQHandler
                0x080023a0       0x14 ./Core/Src/stm32f4xx_it.o
                0x080023a0                OTG_HS_IRQHandler
 .text.LTDC_IRQHandler
                0x080023b4       0x14 ./Core/Src/stm32f4xx_it.o
                0x080023b4                LTDC_IRQHandler
 .text.DMA2D_IRQHandler
                0x080023c8       0x14 ./Core/Src/stm32f4xx_it.o
                0x080023c8                DMA2D_IRQHandler
 .text.SystemInit
                0x080023dc       0x24 ./Core/Src/system_stm32f4xx.o
                0x080023dc                SystemInit
 .text.MX_TIM1_Init
                0x08002400       0xa0 ./Core/Src/tim.o
                0x08002400                MX_TIM1_Init
 .text.HAL_TIM_Base_MspInit
                0x080024a0       0x44 ./Core/Src/tim.o
                0x080024a0                HAL_TIM_Base_MspInit
 .text.MX_USART1_UART_Init
                0x080024e4       0x54 ./Core/Src/usart.o
                0x080024e4                MX_USART1_UART_Init
 .text.HAL_UART_MspInit
                0x08002538       0x90 ./Core/Src/usart.o
                0x08002538                HAL_UART_MspInit
 .text.Reset_Handler
                0x080025c8       0x50 ./Core/Startup/startup_stm32f429zitx.o
                0x080025c8                Reset_Handler
 .text.Default_Handler
                0x08002618        0x2 ./Core/Startup/startup_stm32f429zitx.o
                0x08002618                RTC_Alarm_IRQHandler
                0x08002618                HASH_RNG_IRQHandler
                0x08002618                EXTI2_IRQHandler
                0x08002618                TIM8_CC_IRQHandler
                0x08002618                UART8_IRQHandler
                0x08002618                SPI4_IRQHandler
                0x08002618                TIM1_CC_IRQHandler
                0x08002618                DMA2_Stream5_IRQHandler
                0x08002618                DMA1_Stream5_IRQHandler
                0x08002618                PVD_IRQHandler
                0x08002618                SDIO_IRQHandler
                0x08002618                TAMP_STAMP_IRQHandler
                0x08002618                CAN2_RX1_IRQHandler
                0x08002618                EXTI3_IRQHandler
                0x08002618                TIM8_TRG_COM_TIM14_IRQHandler
                0x08002618                TIM1_UP_TIM10_IRQHandler
                0x08002618                TIM8_UP_TIM13_IRQHandler
                0x08002618                I2C3_ER_IRQHandler
                0x08002618                EXTI0_IRQHandler
                0x08002618                I2C2_EV_IRQHandler
                0x08002618                DMA1_Stream2_IRQHandler
                0x08002618                CAN1_RX0_IRQHandler
                0x08002618                FPU_IRQHandler
                0x08002618                OTG_HS_WKUP_IRQHandler
                0x08002618                LTDC_ER_IRQHandler
                0x08002618                CAN2_SCE_IRQHandler
                0x08002618                DMA2_Stream2_IRQHandler
                0x08002618                SPI1_IRQHandler
                0x08002618                TIM1_BRK_TIM9_IRQHandler
                0x08002618                DCMI_IRQHandler
                0x08002618                CAN2_RX0_IRQHandler
                0x08002618                DMA2_Stream3_IRQHandler
                0x08002618                USART6_IRQHandler
                0x08002618                USART3_IRQHandler
                0x08002618                CAN1_RX1_IRQHandler
                0x08002618                UART5_IRQHandler
                0x08002618                DMA2_Stream0_IRQHandler
                0x08002618                TIM4_IRQHandler
                0x08002618                I2C1_EV_IRQHandler
                0x08002618                DMA1_Stream6_IRQHandler
                0x08002618                DMA1_Stream1_IRQHandler
                0x08002618                UART4_IRQHandler
                0x08002618                TIM3_IRQHandler
                0x08002618                RCC_IRQHandler
                0x08002618                TIM8_BRK_TIM12_IRQHandler
                0x08002618                Default_Handler
                0x08002618                EXTI15_10_IRQHandler
                0x08002618                ADC_IRQHandler
                0x08002618                DMA1_Stream7_IRQHandler
                0x08002618                SPI5_IRQHandler
                0x08002618                TIM7_IRQHandler
                0x08002618                CAN2_TX_IRQHandler
                0x08002618                TIM5_IRQHandler
                0x08002618                DMA2_Stream7_IRQHandler
                0x08002618                I2C3_EV_IRQHandler
                0x08002618                EXTI9_5_IRQHandler
                0x08002618                RTC_WKUP_IRQHandler
                0x08002618                ETH_WKUP_IRQHandler
                0x08002618                SPI2_IRQHandler
                0x08002618                OTG_HS_EP1_IN_IRQHandler
                0x08002618                DMA1_Stream0_IRQHandler
                0x08002618                CAN1_TX_IRQHandler
                0x08002618                EXTI4_IRQHandler
                0x08002618                ETH_IRQHandler
                0x08002618                OTG_HS_EP1_OUT_IRQHandler
                0x08002618                WWDG_IRQHandler
                0x08002618                SPI6_IRQHandler
                0x08002618                TIM2_IRQHandler
                0x08002618                OTG_FS_WKUP_IRQHandler
                0x08002618                TIM1_TRG_COM_TIM11_IRQHandler
                0x08002618                EXTI1_IRQHandler
                0x08002618                UART7_IRQHandler
                0x08002618                USART2_IRQHandler
                0x08002618                I2C2_ER_IRQHandler
                0x08002618                DMA2_Stream1_IRQHandler
                0x08002618                CAN1_SCE_IRQHandler
                0x08002618                FLASH_IRQHandler
                0x08002618                USART1_IRQHandler
                0x08002618                OTG_FS_IRQHandler
                0x08002618                SPI3_IRQHandler
                0x08002618                DMA1_Stream4_IRQHandler
                0x08002618                I2C1_ER_IRQHandler
                0x08002618                FMC_IRQHandler
                0x08002618                DMA2_Stream6_IRQHandler
                0x08002618                SAI1_IRQHandler
                0x08002618                DMA1_Stream3_IRQHandler
 *fill*         0x0800261a        0x2 
 .text.HAL_Init
                0x0800261c       0x44 ./Drivers/STM32F4xx_HAL_Driver/Src/stm32f4xx_hal.o
                0x0800261c                HAL_Init
 .text.HAL_IncTick
                0x08002660       0x28 ./Drivers/STM32F4xx_HAL_Driver/Src/stm32f4xx_hal.o
                0x08002660                HAL_IncTick
 .text.HAL_GetTick
                0x08002688       0x18 ./Drivers/STM32F4xx_HAL_Driver/Src/stm32f4xx_hal.o
                0x08002688                HAL_GetTick
 .text.HAL_Delay
                0x080026a0       0x48 ./Drivers/STM32F4xx_HAL_Driver/Src/stm32f4xx_hal.o
                0x080026a0                HAL_Delay
 .text.__NVIC_SetPriorityGrouping
                0x080026e8       0x48 ./Drivers/STM32F4xx_HAL_Driver/Src/stm32f4xx_hal_cortex.o
 .text.__NVIC_GetPriorityGrouping
                0x08002730       0x1c ./Drivers/STM32F4xx_HAL_Driver/Src/stm32f4xx_hal_cortex.o
 .text.__NVIC_EnableIRQ
                0x0800274c       0x3c ./Drivers/STM32F4xx_HAL_Driver/Src/stm32f4xx_hal_cortex.o
 .text.__NVIC_SetPriority
                0x08002788       0x54 ./Drivers/STM32F4xx_HAL_Driver/Src/stm32f4xx_hal_cortex.o
 .text.NVIC_EncodePriority
                0x080027dc       0x66 ./Drivers/STM32F4xx_HAL_Driver/Src/stm32f4xx_hal_cortex.o
 .text.HAL_NVIC_SetPriorityGrouping
                0x08002842       0x16 ./Drivers/STM32F4xx_HAL_Driver/Src/stm32f4xx_hal_cortex.o
                0x08002842                HAL_NVIC_SetPriorityGrouping
 .text.HAL_NVIC_SetPriority
                0x08002858       0x38 ./Drivers/STM32F4xx_HAL_Driver/Src/stm32f4xx_hal_cortex.o
                0x08002858                HAL_NVIC_SetPriority
 .text.HAL_NVIC_EnableIRQ
                0x08002890       0x1c ./Drivers/STM32F4xx_HAL_Driver/Src/stm32f4xx_hal_cortex.o
                0x08002890                HAL_NVIC_EnableIRQ
 .text.HAL_CRC_Init
                0x080028ac       0x38 ./Drivers/STM32F4xx_HAL_Driver/Src/stm32f4xx_hal_crc.o
                0x080028ac                HAL_CRC_Init
 .text.HAL_DMA_Init
                0x080028e4      0x15c ./Drivers/STM32F4xx_HAL_Driver/Src/stm32f4xx_hal_dma.o
                0x080028e4                HAL_DMA_Init
 .text.HAL_DMA_Start_IT
                0x08002a40       0xb0 ./Drivers/STM32F4xx_HAL_Driver/Src/stm32f4xx_hal_dma.o
                0x08002a40                HAL_DMA_Start_IT
 .text.HAL_DMA_IRQHandler
                0x08002af0      0x314 ./Drivers/STM32F4xx_HAL_Driver/Src/stm32f4xx_hal_dma.o
                0x08002af0                HAL_DMA_IRQHandler
 .text.DMA_SetConfig
                0x08002e04       0x5c ./Drivers/STM32F4xx_HAL_Driver/Src/stm32f4xx_hal_dma.o
 .text.DMA_CalcBaseAndBitshift
                0x08002e60       0x6c ./Drivers/STM32F4xx_HAL_Driver/Src/stm32f4xx_hal_dma.o
 .text.DMA_CheckFifoParam
                0x08002ecc       0xf8 ./Drivers/STM32F4xx_HAL_Driver/Src/stm32f4xx_hal_dma.o
 .text.HAL_DMA2D_Init
                0x08002fc4       0x92 ./Drivers/STM32F4xx_HAL_Driver/Src/stm32f4xx_hal_dma2d.o
                0x08002fc4                HAL_DMA2D_Init
 .text.HAL_DMA2D_IRQHandler
                0x08003056      0x1f8 ./Drivers/STM32F4xx_HAL_Driver/Src/stm32f4xx_hal_dma2d.o
                0x08003056                HAL_DMA2D_IRQHandler
 .text.HAL_DMA2D_LineEventCallback
                0x0800324e       0x14 ./Drivers/STM32F4xx_HAL_Driver/Src/stm32f4xx_hal_dma2d.o
                0x0800324e                HAL_DMA2D_LineEventCallback
 .text.HAL_DMA2D_CLUTLoadingCpltCallback
                0x08003262       0x14 ./Drivers/STM32F4xx_HAL_Driver/Src/stm32f4xx_hal_dma2d.o
                0x08003262                HAL_DMA2D_CLUTLoadingCpltCallback
 *fill*         0x08003276        0x2 
 .text.HAL_DMA2D_ConfigLayer
                0x08003278      0x124 ./Drivers/STM32F4xx_HAL_Driver/Src/stm32f4xx_hal_dma2d.o
                0x08003278                HAL_DMA2D_ConfigLayer
 .text.HAL_GPIO_Init
                0x0800339c      0x358 ./Drivers/STM32F4xx_HAL_Driver/Src/stm32f4xx_hal_gpio.o
                0x0800339c                HAL_GPIO_Init
 .text.HAL_GPIO_ReadPin
                0x080036f4       0x30 ./Drivers/STM32F4xx_HAL_Driver/Src/stm32f4xx_hal_gpio.o
                0x080036f4                HAL_GPIO_ReadPin
 .text.HAL_GPIO_WritePin
                0x08003724       0x32 ./Drivers/STM32F4xx_HAL_Driver/Src/stm32f4xx_hal_gpio.o
                0x08003724                HAL_GPIO_WritePin
 .text.HAL_GPIO_TogglePin
                0x08003756       0x34 ./Drivers/STM32F4xx_HAL_Driver/Src/stm32f4xx_hal_gpio.o
                0x08003756                HAL_GPIO_TogglePin
 .text.HAL_HCD_IRQHandler
                0x0800378a      0x220 ./Drivers/STM32F4xx_HAL_Driver/Src/stm32f4xx_hal_hcd.o
                0x0800378a                HAL_HCD_IRQHandler
 .text.HAL_HCD_Stop
                0x080039aa       0x3a ./Drivers/STM32F4xx_HAL_Driver/Src/stm32f4xx_hal_hcd.o
                0x080039aa                HAL_HCD_Stop
 .text.HCD_HC_IN_IRQHandler
                0x080039e4      0xcd2 ./Drivers/STM32F4xx_HAL_Driver/Src/stm32f4xx_hal_hcd.o
 .text.HCD_HC_OUT_IRQHandler
                0x080046b6      0x97e ./Drivers/STM32F4xx_HAL_Driver/Src/stm32f4xx_hal_hcd.o
 .text.HCD_RXQLVL_IRQHandler
                0x08005034      0x1be ./Drivers/STM32F4xx_HAL_Driver/Src/stm32f4xx_hal_hcd.o
 .text.HCD_Port_IRQHandler
                0x080051f2       0xe6 ./Drivers/STM32F4xx_HAL_Driver/Src/stm32f4xx_hal_hcd.o
 .text.HAL_I2C_Init
                0x080052d8      0x288 ./Drivers/STM32F4xx_HAL_Driver/Src/stm32f4xx_hal_i2c.o
                0x080052d8                HAL_I2C_Init
 .text.HAL_I2CEx_ConfigAnalogFilter
                0x08005560       0x78 ./Drivers/STM32F4xx_HAL_Driver/Src/stm32f4xx_hal_i2c_ex.o
                0x08005560                HAL_I2CEx_ConfigAnalogFilter
 .text.HAL_I2CEx_ConfigDigitalFilter
                0x080055d8       0x7e ./Drivers/STM32F4xx_HAL_Driver/Src/stm32f4xx_hal_i2c_ex.o
                0x080055d8                HAL_I2CEx_ConfigDigitalFilter
 *fill*         0x08005656        0x2 
 .text.HAL_LTDC_Init
                0x08005658      0x1a0 ./Drivers/STM32F4xx_HAL_Driver/Src/stm32f4xx_hal_ltdc.o
                0x08005658                HAL_LTDC_Init
 .text.HAL_LTDC_IRQHandler
                0x080057f8      0x148 ./Drivers/STM32F4xx_HAL_Driver/Src/stm32f4xx_hal_ltdc.o
                0x080057f8                HAL_LTDC_IRQHandler
 .text.HAL_LTDC_ErrorCallback
                0x08005940       0x14 ./Drivers/STM32F4xx_HAL_Driver/Src/stm32f4xx_hal_ltdc.o
                0x08005940                HAL_LTDC_ErrorCallback
 .text.HAL_LTDC_LineEventCallback
                0x08005954       0x14 ./Drivers/STM32F4xx_HAL_Driver/Src/stm32f4xx_hal_ltdc.o
                0x08005954                HAL_LTDC_LineEventCallback
 .text.HAL_LTDC_ReloadEventCallback
                0x08005968       0x14 ./Drivers/STM32F4xx_HAL_Driver/Src/stm32f4xx_hal_ltdc.o
                0x08005968                HAL_LTDC_ReloadEventCallback
 .text.HAL_LTDC_ConfigLayer
                0x0800597c       0x7c ./Drivers/STM32F4xx_HAL_Driver/Src/stm32f4xx_hal_ltdc.o
                0x0800597c                HAL_LTDC_ConfigLayer
 .text.LTDC_SetConfig
                0x080059f8      0x32e ./Drivers/STM32F4xx_HAL_Driver/Src/stm32f4xx_hal_ltdc.o
 *fill*         0x08005d26        0x2 
 .text.HAL_RCC_OscConfig
                0x08005d28      0x4f0 ./Drivers/STM32F4xx_HAL_Driver/Src/stm32f4xx_hal_rcc.o
                0x08005d28                HAL_RCC_OscConfig
 .text.HAL_RCC_ClockConfig
                0x08006218      0x1cc ./Drivers/STM32F4xx_HAL_Driver/Src/stm32f4xx_hal_rcc.o
                0x08006218                HAL_RCC_ClockConfig
 .text.HAL_RCC_GetSysClockFreq
                0x080063e4      0x20c ./Drivers/STM32F4xx_HAL_Driver/Src/stm32f4xx_hal_rcc.o
                0x080063e4                HAL_RCC_GetSysClockFreq
 .text.HAL_RCC_GetHCLKFreq
                0x080065f0       0x18 ./Drivers/STM32F4xx_HAL_Driver/Src/stm32f4xx_hal_rcc.o
                0x080065f0                HAL_RCC_GetHCLKFreq
 .text.HAL_RCC_GetPCLK1Freq
                0x08006608       0x28 ./Drivers/STM32F4xx_HAL_Driver/Src/stm32f4xx_hal_rcc.o
                0x08006608                HAL_RCC_GetPCLK1Freq
 .text.HAL_RCC_GetPCLK2Freq
                0x08006630       0x28 ./Drivers/STM32F4xx_HAL_Driver/Src/stm32f4xx_hal_rcc.o
                0x08006630                HAL_RCC_GetPCLK2Freq
 .text.HAL_RCC_GetClockConfig
                0x08006658       0x64 ./Drivers/STM32F4xx_HAL_Driver/Src/stm32f4xx_hal_rcc.o
                0x08006658                HAL_RCC_GetClockConfig
 .text.HAL_RCCEx_PeriphCLKConfig
                0x080066bc      0x380 ./Drivers/STM32F4xx_HAL_Driver/Src/stm32f4xx_hal_rcc_ex.o
                0x080066bc                HAL_RCCEx_PeriphCLKConfig
 .text.HAL_SDRAM_Init
                0x08006a3c       0x68 ./Drivers/STM32F4xx_HAL_Driver/Src/stm32f4xx_hal_sdram.o
                0x08006a3c                HAL_SDRAM_Init
 .text.HAL_SPI_Init
                0x08006aa4      0x112 ./Drivers/STM32F4xx_HAL_Driver/Src/stm32f4xx_hal_spi.o
                0x08006aa4                HAL_SPI_Init
 .text.HAL_SPI_Transmit
                0x08006bb6      0x288 ./Drivers/STM32F4xx_HAL_Driver/Src/stm32f4xx_hal_spi.o
                0x08006bb6                HAL_SPI_Transmit
 *fill*         0x08006e3e        0x2 
 .text.HAL_SPI_Transmit_DMA
                0x08006e40      0x164 ./Drivers/STM32F4xx_HAL_Driver/Src/stm32f4xx_hal_spi.o
                0x08006e40                HAL_SPI_Transmit_DMA
 .text.HAL_SPI_TxHalfCpltCallback
                0x08006fa4       0x14 ./Drivers/STM32F4xx_HAL_Driver/Src/stm32f4xx_hal_spi.o
                0x08006fa4                HAL_SPI_TxHalfCpltCallback
 .text.HAL_SPI_ErrorCallback
                0x08006fb8       0x14 ./Drivers/STM32F4xx_HAL_Driver/Src/stm32f4xx_hal_spi.o
                0x08006fb8                HAL_SPI_ErrorCallback
 .text.SPI_DMATransmitCplt
                0x08006fcc       0xa8 ./Drivers/STM32F4xx_HAL_Driver/Src/stm32f4xx_hal_spi.o
 .text.SPI_DMAHalfTransmitCplt
                0x08007074       0x1c ./Drivers/STM32F4xx_HAL_Driver/Src/stm32f4xx_hal_spi.o
 .text.SPI_DMAError
                0x08007090       0x40 ./Drivers/STM32F4xx_HAL_Driver/Src/stm32f4xx_hal_spi.o
 .text.SPI_WaitFlagStateUntilTimeout
                0x080070d0      0x110 ./Drivers/STM32F4xx_HAL_Driver/Src/stm32f4xx_hal_spi.o
 .text.SPI_EndRxTxTransaction
                0x080071e0       0xa8 ./Drivers/STM32F4xx_HAL_Driver/Src/stm32f4xx_hal_spi.o
 .text.HAL_TIM_Base_Init
                0x08007288       0x9e ./Drivers/STM32F4xx_HAL_Driver/Src/stm32f4xx_hal_tim.o
                0x08007288                HAL_TIM_Base_Init
 *fill*         0x08007326        0x2 
 .text.HAL_TIM_Base_Start_IT
                0x08007328       0xe0 ./Drivers/STM32F4xx_HAL_Driver/Src/stm32f4xx_hal_tim.o
                0x08007328                HAL_TIM_Base_Start_IT
 .text.HAL_TIM_IRQHandler
                0x08007408      0x1e0 ./Drivers/STM32F4xx_HAL_Driver/Src/stm32f4xx_hal_tim.o
                0x08007408                HAL_TIM_IRQHandler
 .text.HAL_TIM_ConfigClockSource
                0x080075e8      0x18e ./Drivers/STM32F4xx_HAL_Driver/Src/stm32f4xx_hal_tim.o
                0x080075e8                HAL_TIM_ConfigClockSource
 .text.HAL_TIM_OC_DelayElapsedCallback
                0x08007776       0x14 ./Drivers/STM32F4xx_HAL_Driver/Src/stm32f4xx_hal_tim.o
                0x08007776                HAL_TIM_OC_DelayElapsedCallback
 .text.HAL_TIM_IC_CaptureCallback
                0x0800778a       0x14 ./Drivers/STM32F4xx_HAL_Driver/Src/stm32f4xx_hal_tim.o
                0x0800778a                HAL_TIM_IC_CaptureCallback
 .text.HAL_TIM_PWM_PulseFinishedCallback
                0x0800779e       0x14 ./Drivers/STM32F4xx_HAL_Driver/Src/stm32f4xx_hal_tim.o
                0x0800779e                HAL_TIM_PWM_PulseFinishedCallback
 .text.HAL_TIM_TriggerCallback
                0x080077b2       0x14 ./Drivers/STM32F4xx_HAL_Driver/Src/stm32f4xx_hal_tim.o
                0x080077b2                HAL_TIM_TriggerCallback
 *fill*         0x080077c6        0x2 
 .text.TIM_Base_SetConfig
                0x080077c8      0x158 ./Drivers/STM32F4xx_HAL_Driver/Src/stm32f4xx_hal_tim.o
                0x080077c8                TIM_Base_SetConfig
 .text.TIM_TI1_ConfigInputStage
                0x08007920       0x5e ./Drivers/STM32F4xx_HAL_Driver/Src/stm32f4xx_hal_tim.o
 .text.TIM_TI2_ConfigInputStage
                0x0800797e       0x60 ./Drivers/STM32F4xx_HAL_Driver/Src/stm32f4xx_hal_tim.o
 .text.TIM_ITRx_SetConfig
                0x080079de       0x36 ./Drivers/STM32F4xx_HAL_Driver/Src/stm32f4xx_hal_tim.o
 .text.TIM_ETR_SetConfig
                0x08007a14       0x40 ./Drivers/STM32F4xx_HAL_Driver/Src/stm32f4xx_hal_tim.o
                0x08007a14                TIM_ETR_SetConfig
 .text.HAL_TIMEx_MasterConfigSynchronization
                0x08007a54       0xf8 ./Drivers/STM32F4xx_HAL_Driver/Src/stm32f4xx_hal_tim_ex.o
                0x08007a54                HAL_TIMEx_MasterConfigSynchronization
 .text.HAL_TIMEx_CommutCallback
                0x08007b4c       0x14 ./Drivers/STM32F4xx_HAL_Driver/Src/stm32f4xx_hal_tim_ex.o
                0x08007b4c                HAL_TIMEx_CommutCallback
 .text.HAL_TIMEx_BreakCallback
                0x08007b60       0x14 ./Drivers/STM32F4xx_HAL_Driver/Src/stm32f4xx_hal_tim_ex.o
                0x08007b60                HAL_TIMEx_BreakCallback
 .text.HAL_UART_Init
                0x08007b74       0xa0 ./Drivers/STM32F4xx_HAL_Driver/Src/stm32f4xx_hal_uart.o
                0x08007b74                HAL_UART_Init
 .text.UART_SetConfig
                0x08007c14      0x4e8 ./Drivers/STM32F4xx_HAL_Driver/Src/stm32f4xx_hal_uart.o
 .text.FMC_SDRAM_Init
                0x080080fc       0xba ./Drivers/STM32F4xx_HAL_Driver/Src/stm32f4xx_ll_fmc.o
                0x080080fc                FMC_SDRAM_Init
 .text.FMC_SDRAM_Timing_Init
                0x080081b6       0xd2 ./Drivers/STM32F4xx_HAL_Driver/Src/stm32f4xx_ll_fmc.o
                0x080081b6                FMC_SDRAM_Timing_Init
 .text.USB_EnableGlobalInt
                0x08008288       0x22 ./Drivers/STM32F4xx_HAL_Driver/Src/stm32f4xx_ll_usb.o
                0x08008288                USB_EnableGlobalInt
 .text.USB_DisableGlobalInt
                0x080082aa       0x22 ./Drivers/STM32F4xx_HAL_Driver/Src/stm32f4xx_ll_usb.o
                0x080082aa                USB_DisableGlobalInt
 .text.USB_FlushTxFifo
                0x080082cc       0x64 ./Drivers/STM32F4xx_HAL_Driver/Src/stm32f4xx_ll_usb.o
                0x080082cc                USB_FlushTxFifo
 .text.USB_FlushRxFifo
                0x08008330       0x5c ./Drivers/STM32F4xx_HAL_Driver/Src/stm32f4xx_ll_usb.o
                0x08008330                USB_FlushRxFifo
 .text.USB_ReadPacket
                0x0800838c       0xb0 ./Drivers/STM32F4xx_HAL_Driver/Src/stm32f4xx_ll_usb.o
                0x0800838c                USB_ReadPacket
 .text.USB_ReadInterrupts
                0x0800843c       0x26 ./Drivers/STM32F4xx_HAL_Driver/Src/stm32f4xx_ll_usb.o
                0x0800843c                USB_ReadInterrupts
 .text.USB_ReadChInterrupts
                0x08008462       0x42 ./Drivers/STM32F4xx_HAL_Driver/Src/stm32f4xx_ll_usb.o
                0x08008462                USB_ReadChInterrupts
 .text.USB_GetMode
                0x080084a4       0x1c ./Drivers/STM32F4xx_HAL_Driver/Src/stm32f4xx_ll_usb.o
                0x080084a4                USB_GetMode
 .text.USB_InitFSLSPClkSel
                0x080084c0       0x7a ./Drivers/STM32F4xx_HAL_Driver/Src/stm32f4xx_ll_usb.o
                0x080084c0                USB_InitFSLSPClkSel
 .text.USB_HC_ReadInterrupt
                0x0800853a       0x22 ./Drivers/STM32F4xx_HAL_Driver/Src/stm32f4xx_ll_usb.o
                0x0800853a                USB_HC_ReadInterrupt
 .text.USB_HC_Halt
                0x0800855c      0x240 ./Drivers/STM32F4xx_HAL_Driver/Src/stm32f4xx_ll_usb.o
                0x0800855c                USB_HC_Halt
 .text.USB_StopHost
                0x0800879c      0x124 ./Drivers/STM32F4xx_HAL_Driver/Src/stm32f4xx_ll_usb.o
                0x0800879c                USB_StopHost
 .text.USBH_LL_IncTimer
                0x080088c0       0x24 ./Middlewares/ST/STM32_USB_Host_Library/Core/Src/usbh_core.o
                0x080088c0                USBH_LL_IncTimer
 .text.USBH_HandleSof
                0x080088e4       0x30 ./Middlewares/ST/STM32_USB_Host_Library/Core/Src/usbh_core.o
 .text.USBH_LL_PortEnabled
                0x08008914       0x34 ./Middlewares/ST/STM32_USB_Host_Library/Core/Src/usbh_core.o
                0x08008914                USBH_LL_PortEnabled
 .text.USBH_LL_PortDisabled
                0x08008948       0x1c ./Middlewares/ST/STM32_USB_Host_Library/Core/Src/usbh_core.o
                0x08008948                USBH_LL_PortDisabled
 .text.USBH_LL_Connect
                0x08008964       0x46 ./Middlewares/ST/STM32_USB_Host_Library/Core/Src/usbh_core.o
                0x08008964                USBH_LL_Connect
 .text.USBH_LL_Disconnect
                0x080089aa       0x64 ./Middlewares/ST/STM32_USB_Host_Library/Core/Src/usbh_core.o
                0x080089aa                USBH_LL_Disconnect
 .text.USBH_LL_NotifyURBChange
                0x08008a0e       0x2e ./Middlewares/ST/STM32_USB_Host_Library/Core/Src/usbh_core.o
                0x08008a0e                USBH_LL_NotifyURBChange
 .text.USBH_FreePipe
                0x08008a3c       0x3c ./Middlewares/ST/STM32_USB_Host_Library/Core/Src/usbh_pipes.o
                0x08008a3c                USBH_FreePipe
 .text.inHandlerMode
                0x08008a78       0x24 ./Middlewares/Third_Party/FreeRTOS/Source/CMSIS_RTOS/cmsis_os.o
 .text.osMessagePut
                0x08008a9c       0x80 ./Middlewares/Third_Party/FreeRTOS/Source/CMSIS_RTOS/cmsis_os.o
                0x08008a9c                osMessagePut
 .text.vListInsertEnd
                0x08008b1c       0x48 ./Middlewares/Third_Party/FreeRTOS/Source/list.o
                0x08008b1c                vListInsertEnd
 .text.vListInsert
                0x08008b64       0x72 ./Middlewares/Third_Party/FreeRTOS/Source/list.o
                0x08008b64                vListInsert
 .text.uxListRemove
                0x08008bd6       0x54 ./Middlewares/Third_Party/FreeRTOS/Source/list.o
                0x08008bd6                uxListRemove
 *fill*         0x08008c2a        0x2 
 .text.xQueueGenericSend
                0x08008c2c      0x204 ./Middlewares/Third_Party/FreeRTOS/Source/queue.o
                0x08008c2c                xQueueGenericSend
 .text.xQueueGenericSendFromISR
                0x08008e30      0x13c ./Middlewares/Third_Party/FreeRTOS/Source/queue.o
                0x08008e30                xQueueGenericSendFromISR
 .text.prvCopyDataToQueue
                0x08008f6c       0xd4 ./Middlewares/Third_Party/FreeRTOS/Source/queue.o
 .text.prvUnlockQueue
                0x08009040       0xa4 ./Middlewares/Third_Party/FreeRTOS/Source/queue.o
 .text.prvIsQueueFull
                0x080090e4       0x30 ./Middlewares/Third_Party/FreeRTOS/Source/queue.o
 .text.vTaskSuspendAll
                0x08009114       0x1c ./Middlewares/Third_Party/FreeRTOS/Source/tasks.o
                0x08009114                vTaskSuspendAll
 .text.xTaskResumeAll
                0x08009130      0x13c ./Middlewares/Third_Party/FreeRTOS/Source/tasks.o
                0x08009130                xTaskResumeAll
 .text.xTaskIncrementTick
                0x0800926c      0x174 ./Middlewares/Third_Party/FreeRTOS/Source/tasks.o
                0x0800926c                xTaskIncrementTick
 .text.vTaskSwitchContext
                0x080093e0      0x104 ./Middlewares/Third_Party/FreeRTOS/Source/tasks.o
                0x080093e0                vTaskSwitchContext
 .text.vTaskPlaceOnEventList
                0x080094e4       0x4c ./Middlewares/Third_Party/FreeRTOS/Source/tasks.o
                0x080094e4                vTaskPlaceOnEventList
 .text.xTaskRemoveFromEventList
                0x08009530       0xc8 ./Middlewares/Third_Party/FreeRTOS/Source/tasks.o
                0x08009530                xTaskRemoveFromEventList
 .text.vTaskInternalSetTimeOutState
                0x080095f8       0x2c ./Middlewares/Third_Party/FreeRTOS/Source/tasks.o
                0x080095f8                vTaskInternalSetTimeOutState
 .text.xTaskCheckForTimeOut
                0x08009624       0xc8 ./Middlewares/Third_Party/FreeRTOS/Source/tasks.o
                0x08009624                xTaskCheckForTimeOut
 .text.vTaskMissedYield
                0x080096ec       0x18 ./Middlewares/Third_Party/FreeRTOS/Source/tasks.o
                0x080096ec                vTaskMissedYield
 .text.prvResetNextTaskUnblockTime
                0x08009704       0x40 ./Middlewares/Third_Party/FreeRTOS/Source/tasks.o
 .text.xTaskGetSchedulerState
                0x08009744       0x3c ./Middlewares/Third_Party/FreeRTOS/Source/tasks.o
                0x08009744                xTaskGetSchedulerState
 .text.xTaskPriorityDisinherit
                0x08009780      0x110 ./Middlewares/Third_Party/FreeRTOS/Source/tasks.o
                0x08009780                xTaskPriorityDisinherit
 .text.prvAddCurrentTaskToDelayedList
                0x08009890       0xcc ./Middlewares/Third_Party/FreeRTOS/Source/tasks.o
 *fill*         0x0800995c        0x4 
 .text.SVC_Handler
                0x08009960       0x28 ./Middlewares/Third_Party/FreeRTOS/Source/portable/GCC/ARM_CM4F/port.o
                0x08009960                SVC_Handler
 .text.vPortEnterCritical
                0x08009988       0x64 ./Middlewares/Third_Party/FreeRTOS/Source/portable/GCC/ARM_CM4F/port.o
                0x08009988                vPortEnterCritical
 .text.vPortExitCritical
                0x080099ec       0x54 ./Middlewares/Third_Party/FreeRTOS/Source/portable/GCC/ARM_CM4F/port.o
                0x080099ec                vPortExitCritical
 .text.PendSV_Handler
                0x08009a40       0x68 ./Middlewares/Third_Party/FreeRTOS/Source/portable/GCC/ARM_CM4F/port.o
                0x08009a40                PendSV_Handler
 .text.SysTick_Handler
                0x08009aa8       0x44 ./Middlewares/Third_Party/FreeRTOS/Source/portable/GCC/ARM_CM4F/port.o
                0x08009aa8                SysTick_Handler
 .text.vPortValidateInterruptPriority
                0x08009aec       0x84 ./Middlewares/Third_Party/FreeRTOS/Source/portable/GCC/ARM_CM4F/port.o
                0x08009aec                vPortValidateInterruptPriority
 .text.HAL_HCD_SOF_Callback
                0x08009b70       0x1c ./USB_HOST/Target/usbh_conf.o
                0x08009b70                HAL_HCD_SOF_Callback
 .text.HAL_HCD_Connect_Callback
                0x08009b8c       0x1c ./USB_HOST/Target/usbh_conf.o
                0x08009b8c                HAL_HCD_Connect_Callback
 .text.HAL_HCD_Disconnect_Callback
                0x08009ba8       0x1c ./USB_HOST/Target/usbh_conf.o
                0x08009ba8                HAL_HCD_Disconnect_Callback
 .text.HAL_HCD_HC_NotifyURBChange_Callback
                0x08009bc4       0x24 ./USB_HOST/Target/usbh_conf.o
                0x08009bc4                HAL_HCD_HC_NotifyURBChange_Callback
 .text.HAL_HCD_PortEnabled_Callback
                0x08009be8       0x1c ./USB_HOST/Target/usbh_conf.o
                0x08009be8                HAL_HCD_PortEnabled_Callback
 .text.HAL_HCD_PortDisabled_Callback
                0x08009c04       0x1c ./USB_HOST/Target/usbh_conf.o
                0x08009c04                HAL_HCD_PortDisabled_Callback
 .text.USBH_LL_Stop
                0x08009c20       0x36 ./USB_HOST/Target/usbh_conf.o
                0x08009c20                USBH_LL_Stop
 *fill*         0x08009c56        0x2 
 .text.USBH_Get_USB_Status
                0x08009c58       0x58 ./USB_HOST/Target/usbh_conf.o
                0x08009c58                USBH_Get_USB_Status
 .text.memset   0x08009cb0       0x10 /opt/st/stm32cubeide_1.18.0/plugins/com.st.stm32cube.ide.mcu.externaltools.gnu-tools-for-stm32.13.3.rel1.linux64_1.0.0.202410170706/tools/bin/../lib/gcc/arm-none-eabi/13.3.1/../../../../arm-none-eabi/lib/thumb/v7e-m+fp/hard/libc_nano.a(libc_a-memset.o)
                0x08009cb0                memset
 .text.__errno  0x08009cc0        0xc /opt/st/stm32cubeide_1.18.0/plugins/com.st.stm32cube.ide.mcu.externaltools.gnu-tools-for-stm32.13.3.rel1.linux64_1.0.0.202410170706/tools/bin/../lib/gcc/arm-none-eabi/13.3.1/../../../../arm-none-eabi/lib/thumb/v7e-m+fp/hard/libc_nano.a(libc_a-errno.o)
                0x08009cc0                __errno
 .text.__libc_init_array
                0x08009ccc       0x48 /opt/st/stm32cubeide_1.18.0/plugins/com.st.stm32cube.ide.mcu.externaltools.gnu-tools-for-stm32.13.3.rel1.linux64_1.0.0.202410170706/tools/bin/../lib/gcc/arm-none-eabi/13.3.1/../../../../arm-none-eabi/lib/thumb/v7e-m+fp/hard/libc_nano.a(libc_a-init.o)
                0x08009ccc                __libc_init_array
 .text.memcpy   0x08009d14       0x1c /opt/st/stm32cubeide_1.18.0/plugins/com.st.stm32cube.ide.mcu.externaltools.gnu-tools-for-stm32.13.3.rel1.linux64_1.0.0.202410170706/tools/bin/../lib/gcc/arm-none-eabi/13.3.1/../../../../arm-none-eabi/lib/thumb/v7e-m+fp/hard/libc_nano.a(libc_a-memcpy-stub.o)
                0x08009d14                memcpy
 .text.pow      0x08009d30       0xe0 /opt/st/stm32cubeide_1.18.0/plugins/com.st.stm32cube.ide.mcu.externaltools.gnu-tools-for-stm32.13.3.rel1.linux64_1.0.0.202410170706/tools/bin/../lib/gcc/arm-none-eabi/13.3.1/../../../../arm-none-eabi/lib/thumb/v7e-m+fp/hard/libm.a(libm_a-w_pow.o)
                0x08009d30                pow
 .text.finite   0x08009e10       0x16 /opt/st/stm32cubeide_1.18.0/plugins/com.st.stm32cube.ide.mcu.externaltools.gnu-tools-for-stm32.13.3.rel1.linux64_1.0.0.202410170706/tools/bin/../lib/gcc/arm-none-eabi/13.3.1/../../../../arm-none-eabi/lib/thumb/v7e-m+fp/hard/libm.a(libm_a-s_finite.o)
                0x08009e10                finite
 *fill*         0x08009e26        0x2 
 .text.__ieee754_pow
                0x08009e28      0xa94 /opt/st/stm32cubeide_1.18.0/plugins/com.st.stm32cube.ide.mcu.externaltools.gnu-tools-for-stm32.13.3.rel1.linux64_1.0.0.202410170706/tools/bin/../lib/gcc/arm-none-eabi/13.3.1/../../../../arm-none-eabi/lib/thumb/v7e-m+fp/hard/libm.a(libm_a-e_pow.o)
                0x08009e28                __ieee754_pow
 .text.fabs     0x0800a8bc       0x10 /opt/st/stm32cubeide_1.18.0/plugins/com.st.stm32cube.ide.mcu.externaltools.gnu-tools-for-stm32.13.3.rel1.linux64_1.0.0.202410170706/tools/bin/../lib/gcc/arm-none-eabi/13.3.1/../../../../arm-none-eabi/lib/thumb/v7e-m+fp/hard/libm.a(libm_a-s_fabs.o)
                0x0800a8bc                fabs
 *fill*         0x0800a8cc        0x4 
 .text.scalbn   0x0800a8d0       0xf4 /opt/st/stm32cubeide_1.18.0/plugins/com.st.stm32cube.ide.mcu.externaltools.gnu-tools-for-stm32.13.3.rel1.linux64_1.0.0.202410170706/tools/bin/../lib/gcc/arm-none-eabi/13.3.1/../../../../arm-none-eabi/lib/thumb/v7e-m+fp/hard/libm.a(libm_a-s_scalbn.o)
                0x0800a8d0                scalbn
 .text.with_errno
                0x0800a9c4       0x24 /opt/st/stm32cubeide_1.18.0/plugins/com.st.stm32cube.ide.mcu.externaltools.gnu-tools-for-stm32.13.3.rel1.linux64_1.0.0.202410170706/tools/bin/../lib/gcc/arm-none-eabi/13.3.1/../../../../arm-none-eabi/lib/thumb/v7e-m+fp/hard/libm.a(libm_a-math_err.o)
 .text.xflow    0x0800a9e8       0x32 /opt/st/stm32cubeide_1.18.0/plugins/com.st.stm32cube.ide.mcu.externaltools.gnu-tools-for-stm32.13.3.rel1.linux64_1.0.0.202410170706/tools/bin/../lib/gcc/arm-none-eabi/13.3.1/../../../../arm-none-eabi/lib/thumb/v7e-m+fp/hard/libm.a(libm_a-math_err.o)
 *fill*         0x0800aa1a        0x6 
 .text.__math_uflow
                0x0800aa20       0x10 /opt/st/stm32cubeide_1.18.0/plugins/com.st.stm32cube.ide.mcu.externaltools.gnu-tools-for-stm32.13.3.rel1.linux64_1.0.0.202410170706/tools/bin/../lib/gcc/arm-none-eabi/13.3.1/../../../../arm-none-eabi/lib/thumb/v7e-m+fp/hard/libm.a(libm_a-math_err.o)
                0x0800aa20                __math_uflow
 .text.__math_oflow
                0x0800aa30       0x10 /opt/st/stm32cubeide_1.18.0/plugins/com.st.stm32cube.ide.mcu.externaltools.gnu-tools-for-stm32.13.3.rel1.linux64_1.0.0.202410170706/tools/bin/../lib/gcc/arm-none-eabi/13.3.1/../../../../arm-none-eabi/lib/thumb/v7e-m+fp/hard/libm.a(libm_a-math_err.o)
                0x0800aa30                __math_oflow
 .text.__ieee754_sqrt
                0x0800aa40      0x1ac /opt/st/stm32cubeide_1.18.0/plugins/com.st.stm32cube.ide.mcu.externaltools.gnu-tools-for-stm32.13.3.rel1.linux64_1.0.0.202410170706/tools/bin/../lib/gcc/arm-none-eabi/13.3.1/../../../../arm-none-eabi/lib/thumb/v7e-m+fp/hard/libm.a(libm_a-e_sqrt.o)
                0x0800aa40                __ieee754_sqrt
 *(.glue_7)
 .glue_7        0x0800abec        0x0 linker stubs
 *(.glue_7t)
 .glue_7t       0x0800abec        0x0 linker stubs
 *(.eh_frame)
 .eh_frame      0x0800abec        0x0 /opt/st/stm32cubeide_1.18.0/plugins/com.st.stm32cube.ide.mcu.externaltools.gnu-tools-for-stm32.13.3.rel1.linux64_1.0.0.202410170706/tools/bin/../lib/gcc/arm-none-eabi/13.3.1/thumb/v7e-m+fp/hard/crtbegin.o
 *(.init)
 .init          0x0800abec        0x4 /opt/st/stm32cubeide_1.18.0/plugins/com.st.stm32cube.ide.mcu.externaltools.gnu-tools-for-stm32.13.3.rel1.linux64_1.0.0.202410170706/tools/bin/../lib/gcc/arm-none-eabi/13.3.1/thumb/v7e-m+fp/hard/crti.o
                0x0800abec                _init
 .init          0x0800abf0        0x8 /opt/st/stm32cubeide_1.18.0/plugins/com.st.stm32cube.ide.mcu.externaltools.gnu-tools-for-stm32.13.3.rel1.linux64_1.0.0.202410170706/tools/bin/../lib/gcc/arm-none-eabi/13.3.1/thumb/v7e-m+fp/hard/crtn.o
 *(.fini)
 .fini          0x0800abf8        0x4 /opt/st/stm32cubeide_1.18.0/plugins/com.st.stm32cube.ide.mcu.externaltools.gnu-tools-for-stm32.13.3.rel1.linux64_1.0.0.202410170706/tools/bin/../lib/gcc/arm-none-eabi/13.3.1/thumb/v7e-m+fp/hard/crti.o
                0x0800abf8                _fini
 .fini          0x0800abfc        0x8 /opt/st/stm32cubeide_1.18.0/plugins/com.st.stm32cube.ide.mcu.externaltools.gnu-tools-for-stm32.13.3.rel1.linux64_1.0.0.202410170706/tools/bin/../lib/gcc/arm-none-eabi/13.3.1/thumb/v7e-m+fp/hard/crtn.o
                0x0800ac04                        . = ALIGN (0x4)
                0x0800ac04                        _etext = .

.vfp11_veneer   0x0800ac04        0x0
 .vfp11_veneer  0x0800ac04        0x0 linker stubs

.v4_bx          0x0800ac04        0x0
 .v4_bx         0x0800ac04        0x0 linker stubs

.iplt           0x0800ac04        0x0
 .iplt          0x0800ac04        0x0 /opt/st/stm32cubeide_1.18.0/plugins/com.st.stm32cube.ide.mcu.externaltools.gnu-tools-for-stm32.13.3.rel1.linux64_1.0.0.202410170706/tools/bin/../lib/gcc/arm-none-eabi/13.3.1/thumb/v7e-m+fp/hard/crtbegin.o

.rodata         0x0800ac08       0xd0
                0x0800ac08                        . = ALIGN (0x4)
 *(.rodata)
 *(.rodata*)
 .rodata.init_table
                0x0800ac08       0x6c ./Core/Src/lcd.o
 .rodata.AHBPrescTable
                0x0800ac74       0x10 ./Core/Src/system_stm32f4xx.o
                0x0800ac74                AHBPrescTable
 .rodata.APBPrescTable
                0x0800ac84        0x8 ./Core/Src/system_stm32f4xx.o
                0x0800ac84                APBPrescTable
 .rodata.flagBitshiftOffset.0
                0x0800ac8c        0x8 ./Drivers/STM32F4xx_HAL_Driver/Src/stm32f4xx_hal_dma.o
 *fill*         0x0800ac94        0x4 
 .rodata.dp_l   0x0800ac98       0x10 /opt/st/stm32cubeide_1.18.0/plugins/com.st.stm32cube.ide.mcu.externaltools.gnu-tools-for-stm32.13.3.rel1.linux64_1.0.0.202410170706/tools/bin/../lib/gcc/arm-none-eabi/13.3.1/../../../../arm-none-eabi/lib/thumb/v7e-m+fp/hard/libm.a(libm_a-e_pow.o)
 .rodata.dp_h   0x0800aca8       0x10 /opt/st/stm32cubeide_1.18.0/plugins/com.st.stm32cube.ide.mcu.externaltools.gnu-tools-for-stm32.13.3.rel1.linux64_1.0.0.202410170706/tools/bin/../lib/gcc/arm-none-eabi/13.3.1/../../../../arm-none-eabi/lib/thumb/v7e-m+fp/hard/libm.a(libm_a-e_pow.o)
 .rodata.bp     0x0800acb8       0x10 /opt/st/stm32cubeide_1.18.0/plugins/com.st.stm32cube.ide.mcu.externaltools.gnu-tools-for-stm32.13.3.rel1.linux64_1.0.0.202410170706/tools/bin/../lib/gcc/arm-none-eabi/13.3.1/../../../../arm-none-eabi/lib/thumb/v7e-m+fp/hard/libm.a(libm_a-e_pow.o)
 .rodata.tiny   0x0800acc8        0x8 /opt/st/stm32cubeide_1.18.0/plugins/com.st.stm32cube.ide.mcu.externaltools.gnu-tools-for-stm32.13.3.rel1.linux64_1.0.0.202410170706/tools/bin/../lib/gcc/arm-none-eabi/13.3.1/../../../../arm-none-eabi/lib/thumb/v7e-m+fp/hard/libm.a(libm_a-e_sqrt.o)
 .rodata.one    0x0800acd0        0x8 /opt/st/stm32cubeide_1.18.0/plugins/com.st.stm32cube.ide.mcu.externaltools.gnu-tools-for-stm32.13.3.rel1.linux64_1.0.0.202410170706/tools/bin/../lib/gcc/arm-none-eabi/13.3.1/../../../../arm-none-eabi/lib/thumb/v7e-m+fp/hard/libm.a(libm_a-e_sqrt.o)
                0x0800acd8                        . = ALIGN (0x4)

.ARM.extab      0x0800acd8        0x0
                0x0800acd8                        . = ALIGN (0x4)
 *(.ARM.extab* .gnu.linkonce.armextab.*)
                0x0800acd8                        . = ALIGN (0x4)

.ARM            0x0800acd8        0x8
                0x0800acd8                        . = ALIGN (0x4)
                0x0800acd8                        __exidx_start = .
 *(.ARM.exidx*)
 .ARM.exidx     0x0800acd8        0x8 /opt/st/stm32cubeide_1.18.0/plugins/com.st.stm32cube.ide.mcu.externaltools.gnu-tools-for-stm32.13.3.rel1.linux64_1.0.0.202410170706/tools/bin/../lib/gcc/arm-none-eabi/13.3.1/thumb/v7e-m+fp/hard/libgcc.a(_udivmoddi4.o)
                0x0800ace0                        __exidx_end = .
                0x0800ace0                        . = ALIGN (0x4)

.preinit_array  0x0800ace0        0x0
                0x0800ace0                        . = ALIGN (0x4)
                0x0800ace0                        PROVIDE (__preinit_array_start = .)
 *(.preinit_array*)
                0x0800ace0                        PROVIDE (__preinit_array_end = .)
                0x0800ace0                        . = ALIGN (0x4)

.init_array     0x0800ace0        0x4
                0x0800ace0                        . = ALIGN (0x4)
                0x0800ace0                        PROVIDE (__init_array_start = .)
 *(SORT_BY_NAME(.init_array.*))
 *(.init_array*)
 .init_array    0x0800ace0        0x4 /opt/st/stm32cubeide_1.18.0/plugins/com.st.stm32cube.ide.mcu.externaltools.gnu-tools-for-stm32.13.3.rel1.linux64_1.0.0.202410170706/tools/bin/../lib/gcc/arm-none-eabi/13.3.1/thumb/v7e-m+fp/hard/crtbegin.o
                0x0800ace4                        PROVIDE (__init_array_end = .)
                0x0800ace4                        . = ALIGN (0x4)

.fini_array     0x0800ace4        0x4
                0x0800ace4                        . = ALIGN (0x4)
                [!provide]                        PROVIDE (__fini_array_start = .)
 *(SORT_BY_NAME(.fini_array.*))
 *(.fini_array*)
 .fini_array    0x0800ace4        0x4 /opt/st/stm32cubeide_1.18.0/plugins/com.st.stm32cube.ide.mcu.externaltools.gnu-tools-for-stm32.13.3.rel1.linux64_1.0.0.202410170706/tools/bin/../lib/gcc/arm-none-eabi/13.3.1/thumb/v7e-m+fp/hard/crtbegin.o
                [!provide]                        PROVIDE (__fini_array_end = .)
                0x0800ace8                        . = ALIGN (0x4)
                0x0800ace8                        _sidata = LOADADDR (.data)

.rel.dyn        0x0800ace8        0x0
 .rel.iplt      0x0800ace8        0x0 /opt/st/stm32cubeide_1.18.0/plugins/com.st.stm32cube.ide.mcu.externaltools.gnu-tools-for-stm32.13.3.rel1.linux64_1.0.0.202410170706/tools/bin/../lib/gcc/arm-none-eabi/13.3.1/thumb/v7e-m+fp/hard/crtbegin.o

.data           0x20000000       0x64 load address 0x0800ace8
                0x20000000                        . = ALIGN (0x4)
                0x20000000                        _sdata = .
 *(.data)
 *(.data*)
 .data.how_many_chunks
                0x20000000        0x2 ./Core/Src/lcd.o
 *fill*         0x20000002        0x2 
 .data.SystemCoreClock
                0x20000004        0x4 ./Core/Src/system_stm32f4xx.o
                0x20000004                SystemCoreClock
 .data.uwTickPrio
                0x20000008        0x4 ./Drivers/STM32F4xx_HAL_Driver/Src/stm32f4xx_hal.o
                0x20000008                uwTickPrio
 .data.uwTickFreq
                0x2000000c        0x1 ./Drivers/STM32F4xx_HAL_Driver/Src/stm32f4xx_hal.o
                0x2000000c                uwTickFreq
 *fill*         0x2000000d        0x3 
 .data.uxCriticalNesting
                0x20000010        0x4 ./Middlewares/Third_Party/FreeRTOS/Source/portable/GCC/ARM_CM4F/port.o
 .data._impure_ptr
                0x20000014        0x4 /opt/st/stm32cubeide_1.18.0/plugins/com.st.stm32cube.ide.mcu.externaltools.gnu-tools-for-stm32.13.3.rel1.linux64_1.0.0.202410170706/tools/bin/../lib/gcc/arm-none-eabi/13.3.1/../../../../arm-none-eabi/lib/thumb/v7e-m+fp/hard/libc_nano.a(libc_a-impure.o)
                0x20000014                _impure_ptr
 .data._impure_data
                0x20000018       0x4c /opt/st/stm32cubeide_1.18.0/plugins/com.st.stm32cube.ide.mcu.externaltools.gnu-tools-for-stm32.13.3.rel1.linux64_1.0.0.202410170706/tools/bin/../lib/gcc/arm-none-eabi/13.3.1/../../../../arm-none-eabi/lib/thumb/v7e-m+fp/hard/libc_nano.a(libc_a-impure.o)
                0x20000018                _impure_data
 *(.RamFunc)
 *(.RamFunc*)
                0x20000064                        . = ALIGN (0x4)
                0x20000064                        _edata = .
                0x0800ad4c                        _siccmram = LOADADDR (.ccmram)

.igot.plt       0x20000064        0x0 load address 0x0800ad4c
 .igot.plt      0x20000064        0x0 /opt/st/stm32cubeide_1.18.0/plugins/com.st.stm32cube.ide.mcu.externaltools.gnu-tools-for-stm32.13.3.rel1.linux64_1.0.0.202410170706/tools/bin/../lib/gcc/arm-none-eabi/13.3.1/thumb/v7e-m+fp/hard/crtbegin.o

.ccmram         0x10000000        0x0 load address 0x0800ad4c
                0x10000000                        . = ALIGN (0x4)
                0x10000000                        _sccmram = .
 *(.ccmram)
 *(.ccmram*)
                0x10000000                        . = ALIGN (0x4)
                0x10000000                        _eccmram = .
                0x10000000                        . = ALIGN (0x4)

.bss            0x20000064    0x26218
                0x20000064                        _sbss = .
                0x20000064                        __bss_start__ = _sbss
 *(.bss)
 .bss           0x20000064       0x1c /opt/st/stm32cubeide_1.18.0/plugins/com.st.stm32cube.ide.mcu.externaltools.gnu-tools-for-stm32.13.3.rel1.linux64_1.0.0.202410170706/tools/bin/../lib/gcc/arm-none-eabi/13.3.1/thumb/v7e-m+fp/hard/crtbegin.o
 *(.bss*)
 .bss.hcrc      0x20000080        0x8 ./Core/Src/crc.o
                0x20000080                hcrc
 .bss.hdma2d    0x20000088       0x40 ./Core/Src/dma2d.o
                0x20000088                hdma2d
 .bss.hsdram1   0x200000c8       0x34 ./Core/Src/fmc.o
                0x200000c8                hsdram1
 .bss.FMC_Initialized
                0x200000fc        0x4 ./Core/Src/fmc.o
 .bss.hi2c3     0x20000100       0x54 ./Core/Src/i2c.o
                0x20000100                hi2c3
 .bss.rects     0x20000154       0xc8 ./Core/Src/lcd.o
                0x20000154                rects
 .bss.player    0x2000021c       0x10 ./Core/Src/lcd.o
                0x2000021c                player
 .bss.screen_buffer
                0x2000022c    0x25800 ./Core/Src/lcd.o
 .bss.current_chunk
                0x20025a2c        0x2 ./Core/Src/lcd.o
 .bss.chunk_size
                0x20025a2e        0x2 ./Core/Src/lcd.o
 .bss.y_per_chunk
                0x20025a30        0x2 ./Core/Src/lcd.o
 *fill*         0x20025a32        0x2 
 .bss.hltdc     0x20025a34       0xa8 ./Core/Src/ltdc.o
                0x20025a34                hltdc
 .bss.time.1    0x20025adc        0x4 ./Core/Src/main.o
 .bss.clicked.0
                0x20025ae0        0x1 ./Core/Src/main.o
 *fill*         0x20025ae1        0x3 
 .bss.hspi5     0x20025ae4       0x58 ./Core/Src/spi.o
                0x20025ae4                hspi5
 .bss.hdma_spi5_tx
                0x20025b3c       0x60 ./Core/Src/spi.o
                0x20025b3c                hdma_spi5_tx
 .bss.htim6     0x20025b9c       0x48 ./Core/Src/stm32f4xx_hal_timebase_tim.o
                0x20025b9c                htim6
 .bss.htim1     0x20025be4       0x48 ./Core/Src/tim.o
                0x20025be4                htim1
 .bss.huart1    0x20025c2c       0x48 ./Core/Src/usart.o
                0x20025c2c                huart1
 .bss.uwTick    0x20025c74        0x4 ./Drivers/STM32F4xx_HAL_Driver/Src/stm32f4xx_hal.o
                0x20025c74                uwTick
 .bss.pxCurrentTCB
                0x20025c78        0x4 ./Middlewares/Third_Party/FreeRTOS/Source/tasks.o
                0x20025c78                pxCurrentTCB
 .bss.pxReadyTasksLists
                0x20025c7c       0x8c ./Middlewares/Third_Party/FreeRTOS/Source/tasks.o
 .bss.pxDelayedTaskList
                0x20025d08        0x4 ./Middlewares/Third_Party/FreeRTOS/Source/tasks.o
 .bss.pxOverflowDelayedTaskList
                0x20025d0c        0x4 ./Middlewares/Third_Party/FreeRTOS/Source/tasks.o
 .bss.xPendingReadyList
                0x20025d10       0x14 ./Middlewares/Third_Party/FreeRTOS/Source/tasks.o
 .bss.xSuspendedTaskList
                0x20025d24       0x14 ./Middlewares/Third_Party/FreeRTOS/Source/tasks.o
 .bss.uxCurrentNumberOfTasks
                0x20025d38        0x4 ./Middlewares/Third_Party/FreeRTOS/Source/tasks.o
 .bss.xTickCount
                0x20025d3c        0x4 ./Middlewares/Third_Party/FreeRTOS/Source/tasks.o
 .bss.uxTopReadyPriority
                0x20025d40        0x4 ./Middlewares/Third_Party/FreeRTOS/Source/tasks.o
 .bss.xSchedulerRunning
                0x20025d44        0x4 ./Middlewares/Third_Party/FreeRTOS/Source/tasks.o
 .bss.xPendedTicks
                0x20025d48        0x4 ./Middlewares/Third_Party/FreeRTOS/Source/tasks.o
 .bss.xYieldPending
                0x20025d4c        0x4 ./Middlewares/Third_Party/FreeRTOS/Source/tasks.o
 .bss.xNumOfOverflows
                0x20025d50        0x4 ./Middlewares/Third_Party/FreeRTOS/Source/tasks.o
 .bss.xNextTaskUnblockTime
                0x20025d54        0x4 ./Middlewares/Third_Party/FreeRTOS/Source/tasks.o
 .bss.uxSchedulerSuspended
                0x20025d58        0x4 ./Middlewares/Third_Party/FreeRTOS/Source/tasks.o
 .bss.ucMaxSysCallPriority
                0x20025d5c        0x1 ./Middlewares/Third_Party/FreeRTOS/Source/portable/GCC/ARM_CM4F/port.o
 *fill*         0x20025d5d        0x3 
 .bss.ulMaxPRIGROUPValue
                0x20025d60        0x4 ./Middlewares/Third_Party/FreeRTOS/Source/portable/GCC/ARM_CM4F/port.o
 .bss.hhcd_USB_OTG_HS
                0x20025d64      0x3e0 ./USB_HOST/Target/usbh_conf.o
                0x20025d64                hhcd_USB_OTG_HS
 .bss.__sf      0x20026144      0x138 /opt/st/stm32cubeide_1.18.0/plugins/com.st.stm32cube.ide.mcu.externaltools.gnu-tools-for-stm32.13.3.rel1.linux64_1.0.0.202410170706/tools/bin/../lib/gcc/arm-none-eabi/13.3.1/../../../../arm-none-eabi/lib/thumb/v7e-m+fp/hard/libc_nano.a(libc_a-findfp.o)
                0x20026144                __sf
 *(COMMON)
                0x2002627c                        . = ALIGN (0x4)
                0x2002627c                        _ebss = .
                0x2002627c                        __bss_end__ = _ebss

._user_heap_stack
                0x2002627c      0x604
                0x20026280                        . = ALIGN (0x8)
 *fill*         0x2002627c        0x4 
                [!provide]                        PROVIDE (end = .)
                0x20026280                        PROVIDE (_end = .)
                0x20026480                        . = (. + _Min_Heap_Size)
 *fill*         0x20026280      0x200 
                0x20026880                        . = (. + _Min_Stack_Size)
 *fill*         0x20026480      0x400 
                0x20026880                        . = ALIGN (0x8)

/DISCARD/
 libc.a(*)
 libm.a(*)
 libgcc.a(*)

.ARM.attributes
                0x00000000       0x30
 *(.ARM.attributes)
 .ARM.attributes
                0x00000000       0x22 /opt/st/stm32cubeide_1.18.0/plugins/com.st.stm32cube.ide.mcu.externaltools.gnu-tools-for-stm32.13.3.rel1.linux64_1.0.0.202410170706/tools/bin/../lib/gcc/arm-none-eabi/13.3.1/thumb/v7e-m+fp/hard/crti.o
 .ARM.attributes
                0x00000022       0x34 /opt/st/stm32cubeide_1.18.0/plugins/com.st.stm32cube.ide.mcu.externaltools.gnu-tools-for-stm32.13.3.rel1.linux64_1.0.0.202410170706/tools/bin/../lib/gcc/arm-none-eabi/13.3.1/thumb/v7e-m+fp/hard/crtbegin.o
 .ARM.attributes
                0x00000056       0x34 ./Core/Src/crc.o
 .ARM.attributes
                0x0000008a       0x34 ./Core/Src/dma.o
 .ARM.attributes
                0x000000be       0x34 ./Core/Src/dma2d.o
 .ARM.attributes
                0x000000f2       0x34 ./Core/Src/fmc.o
 .ARM.attributes
                0x00000126       0x34 ./Core/Src/freertos.o
 .ARM.attributes
                0x0000015a       0x34 ./Core/Src/gpio.o
 .ARM.attributes
                0x0000018e       0x34 ./Core/Src/i2c.o
 .ARM.attributes
                0x000001c2       0x34 ./Core/Src/lcd.o
 .ARM.attributes
                0x000001f6       0x34 ./Core/Src/ltdc.o
 .ARM.attributes
                0x0000022a       0x34 ./Core/Src/main.o
 .ARM.attributes
                0x0000025e       0x34 ./Core/Src/spi.o
 .ARM.attributes
                0x00000292       0x34 ./Core/Src/stm32f4xx_hal_msp.o
 .ARM.attributes
                0x000002c6       0x34 ./Core/Src/stm32f4xx_hal_timebase_tim.o
 .ARM.attributes
                0x000002fa       0x34 ./Core/Src/stm32f4xx_it.o
 .ARM.attributes
                0x0000032e       0x34 ./Core/Src/system_stm32f4xx.o
 .ARM.attributes
                0x00000362       0x34 ./Core/Src/tim.o
 .ARM.attributes
                0x00000396       0x34 ./Core/Src/usart.o
 .ARM.attributes
                0x000003ca       0x21 ./Core/Startup/startup_stm32f429zitx.o
 .ARM.attributes
                0x000003eb       0x34 ./Drivers/STM32F4xx_HAL_Driver/Src/stm32f4xx_hal.o
 .ARM.attributes
                0x0000041f       0x34 ./Drivers/STM32F4xx_HAL_Driver/Src/stm32f4xx_hal_cortex.o
 .ARM.attributes
                0x00000453       0x34 ./Drivers/STM32F4xx_HAL_Driver/Src/stm32f4xx_hal_crc.o
 .ARM.attributes
                0x00000487       0x34 ./Drivers/STM32F4xx_HAL_Driver/Src/stm32f4xx_hal_dma.o
 .ARM.attributes
                0x000004bb       0x34 ./Drivers/STM32F4xx_HAL_Driver/Src/stm32f4xx_hal_dma2d.o
 .ARM.attributes
                0x000004ef       0x34 ./Drivers/STM32F4xx_HAL_Driver/Src/stm32f4xx_hal_gpio.o
 .ARM.attributes
                0x00000523       0x34 ./Drivers/STM32F4xx_HAL_Driver/Src/stm32f4xx_hal_hcd.o
 .ARM.attributes
                0x00000557       0x34 ./Drivers/STM32F4xx_HAL_Driver/Src/stm32f4xx_hal_i2c.o
 .ARM.attributes
                0x0000058b       0x34 ./Drivers/STM32F4xx_HAL_Driver/Src/stm32f4xx_hal_i2c_ex.o
 .ARM.attributes
                0x000005bf       0x34 ./Drivers/STM32F4xx_HAL_Driver/Src/stm32f4xx_hal_ltdc.o
 .ARM.attributes
                0x000005f3       0x34 ./Drivers/STM32F4xx_HAL_Driver/Src/stm32f4xx_hal_rcc.o
 .ARM.attributes
                0x00000627       0x34 ./Drivers/STM32F4xx_HAL_Driver/Src/stm32f4xx_hal_rcc_ex.o
 .ARM.attributes
                0x0000065b       0x34 ./Drivers/STM32F4xx_HAL_Driver/Src/stm32f4xx_hal_sdram.o
 .ARM.attributes
                0x0000068f       0x34 ./Drivers/STM32F4xx_HAL_Driver/Src/stm32f4xx_hal_spi.o
 .ARM.attributes
                0x000006c3       0x34 ./Drivers/STM32F4xx_HAL_Driver/Src/stm32f4xx_hal_tim.o
 .ARM.attributes
                0x000006f7       0x34 ./Drivers/STM32F4xx_HAL_Driver/Src/stm32f4xx_hal_tim_ex.o
 .ARM.attributes
                0x0000072b       0x34 ./Drivers/STM32F4xx_HAL_Driver/Src/stm32f4xx_hal_uart.o
 .ARM.attributes
                0x0000075f       0x34 ./Drivers/STM32F4xx_HAL_Driver/Src/stm32f4xx_ll_fmc.o
 .ARM.attributes
                0x00000793       0x34 ./Drivers/STM32F4xx_HAL_Driver/Src/stm32f4xx_ll_usb.o
 .ARM.attributes
                0x000007c7       0x34 ./Middlewares/ST/STM32_USB_Host_Library/Core/Src/usbh_core.o
 .ARM.attributes
                0x000007fb       0x34 ./Middlewares/ST/STM32_USB_Host_Library/Core/Src/usbh_pipes.o
 .ARM.attributes
                0x0000082f       0x34 ./Middlewares/Third_Party/FreeRTOS/Source/CMSIS_RTOS/cmsis_os.o
 .ARM.attributes
                0x00000863       0x34 ./Middlewares/Third_Party/FreeRTOS/Source/list.o
 .ARM.attributes
                0x00000897       0x34 ./Middlewares/Third_Party/FreeRTOS/Source/queue.o
 .ARM.attributes
                0x000008cb       0x34 ./Middlewares/Third_Party/FreeRTOS/Source/tasks.o
 .ARM.attributes
                0x000008ff       0x34 ./Middlewares/Third_Party/FreeRTOS/Source/portable/GCC/ARM_CM4F/port.o
 .ARM.attributes
                0x00000933       0x34 ./USB_HOST/Target/usbh_conf.o
 .ARM.attributes
                0x00000967       0x34 /opt/st/stm32cubeide_1.18.0/plugins/com.st.stm32cube.ide.mcu.externaltools.gnu-tools-for-stm32.13.3.rel1.linux64_1.0.0.202410170706/tools/bin/../lib/gcc/arm-none-eabi/13.3.1/../../../../arm-none-eabi/lib/thumb/v7e-m+fp/hard/libc_nano.a(libc_a-findfp.o)
 .ARM.attributes
                0x0000099b       0x34 /opt/st/stm32cubeide_1.18.0/plugins/com.st.stm32cube.ide.mcu.externaltools.gnu-tools-for-stm32.13.3.rel1.linux64_1.0.0.202410170706/tools/bin/../lib/gcc/arm-none-eabi/13.3.1/../../../../arm-none-eabi/lib/thumb/v7e-m+fp/hard/libc_nano.a(libc_a-memset.o)
 .ARM.attributes
                0x000009cf       0x34 /opt/st/stm32cubeide_1.18.0/plugins/com.st.stm32cube.ide.mcu.externaltools.gnu-tools-for-stm32.13.3.rel1.linux64_1.0.0.202410170706/tools/bin/../lib/gcc/arm-none-eabi/13.3.1/../../../../arm-none-eabi/lib/thumb/v7e-m+fp/hard/libc_nano.a(libc_a-impure.o)
 .ARM.attributes
                0x00000a03       0x34 /opt/st/stm32cubeide_1.18.0/plugins/com.st.stm32cube.ide.mcu.externaltools.gnu-tools-for-stm32.13.3.rel1.linux64_1.0.0.202410170706/tools/bin/../lib/gcc/arm-none-eabi/13.3.1/../../../../arm-none-eabi/lib/thumb/v7e-m+fp/hard/libc_nano.a(libc_a-errno.o)
 .ARM.attributes
                0x00000a37       0x34 /opt/st/stm32cubeide_1.18.0/plugins/com.st.stm32cube.ide.mcu.externaltools.gnu-tools-for-stm32.13.3.rel1.linux64_1.0.0.202410170706/tools/bin/../lib/gcc/arm-none-eabi/13.3.1/../../../../arm-none-eabi/lib/thumb/v7e-m+fp/hard/libc_nano.a(libc_a-init.o)
 .ARM.attributes
                0x00000a6b       0x34 /opt/st/stm32cubeide_1.18.0/plugins/com.st.stm32cube.ide.mcu.externaltools.gnu-tools-for-stm32.13.3.rel1.linux64_1.0.0.202410170706/tools/bin/../lib/gcc/arm-none-eabi/13.3.1/../../../../arm-none-eabi/lib/thumb/v7e-m+fp/hard/libc_nano.a(libc_a-memcpy-stub.o)
 .ARM.attributes
                0x00000a9f       0x34 /opt/st/stm32cubeide_1.18.0/plugins/com.st.stm32cube.ide.mcu.externaltools.gnu-tools-for-stm32.13.3.rel1.linux64_1.0.0.202410170706/tools/bin/../lib/gcc/arm-none-eabi/13.3.1/../../../../arm-none-eabi/lib/thumb/v7e-m+fp/hard/libm.a(libm_a-w_pow.o)
 .ARM.attributes
                0x00000ad3       0x34 /opt/st/stm32cubeide_1.18.0/plugins/com.st.stm32cube.ide.mcu.externaltools.gnu-tools-for-stm32.13.3.rel1.linux64_1.0.0.202410170706/tools/bin/../lib/gcc/arm-none-eabi/13.3.1/../../../../arm-none-eabi/lib/thumb/v7e-m+fp/hard/libm.a(libm_a-s_finite.o)
 .ARM.attributes
                0x00000b07       0x34 /opt/st/stm32cubeide_1.18.0/plugins/com.st.stm32cube.ide.mcu.externaltools.gnu-tools-for-stm32.13.3.rel1.linux64_1.0.0.202410170706/tools/bin/../lib/gcc/arm-none-eabi/13.3.1/../../../../arm-none-eabi/lib/thumb/v7e-m+fp/hard/libm.a(libm_a-e_pow.o)
 .ARM.attributes
                0x00000b3b       0x34 /opt/st/stm32cubeide_1.18.0/plugins/com.st.stm32cube.ide.mcu.externaltools.gnu-tools-for-stm32.13.3.rel1.linux64_1.0.0.202410170706/tools/bin/../lib/gcc/arm-none-eabi/13.3.1/../../../../arm-none-eabi/lib/thumb/v7e-m+fp/hard/libm.a(libm_a-s_fabs.o)
 .ARM.attributes
                0x00000b6f       0x34 /opt/st/stm32cubeide_1.18.0/plugins/com.st.stm32cube.ide.mcu.externaltools.gnu-tools-for-stm32.13.3.rel1.linux64_1.0.0.202410170706/tools/bin/../lib/gcc/arm-none-eabi/13.3.1/../../../../arm-none-eabi/lib/thumb/v7e-m+fp/hard/libm.a(libm_a-s_scalbn.o)
 .ARM.attributes
                0x00000ba3       0x34 /opt/st/stm32cubeide_1.18.0/plugins/com.st.stm32cube.ide.mcu.externaltools.gnu-tools-for-stm32.13.3.rel1.linux64_1.0.0.202410170706/tools/bin/../lib/gcc/arm-none-eabi/13.3.1/../../../../arm-none-eabi/lib/thumb/v7e-m+fp/hard/libm.a(libm_a-math_err.o)
 .ARM.attributes
                0x00000bd7       0x34 /opt/st/stm32cubeide_1.18.0/plugins/com.st.stm32cube.ide.mcu.externaltools.gnu-tools-for-stm32.13.3.rel1.linux64_1.0.0.202410170706/tools/bin/../lib/gcc/arm-none-eabi/13.3.1/../../../../arm-none-eabi/lib/thumb/v7e-m+fp/hard/libm.a(libm_a-e_sqrt.o)
 .ARM.attributes
                0x00000c0b       0x22 /opt/st/stm32cubeide_1.18.0/plugins/com.st.stm32cube.ide.mcu.externaltools.gnu-tools-for-stm32.13.3.rel1.linux64_1.0.0.202410170706/tools/bin/../lib/gcc/arm-none-eabi/13.3.1/thumb/v7e-m+fp/hard/libgcc.a(_arm_addsubdf3.o)
 .ARM.attributes
                0x00000c2d       0x22 /opt/st/stm32cubeide_1.18.0/plugins/com.st.stm32cube.ide.mcu.externaltools.gnu-tools-for-stm32.13.3.rel1.linux64_1.0.0.202410170706/tools/bin/../lib/gcc/arm-none-eabi/13.3.1/thumb/v7e-m+fp/hard/libgcc.a(_arm_muldivdf3.o)
 .ARM.attributes
                0x00000c4f       0x22 /opt/st/stm32cubeide_1.18.0/plugins/com.st.stm32cube.ide.mcu.externaltools.gnu-tools-for-stm32.13.3.rel1.linux64_1.0.0.202410170706/tools/bin/../lib/gcc/arm-none-eabi/13.3.1/thumb/v7e-m+fp/hard/libgcc.a(_arm_cmpdf2.o)
 .ARM.attributes
                0x00000c71       0x22 /opt/st/stm32cubeide_1.18.0/plugins/com.st.stm32cube.ide.mcu.externaltools.gnu-tools-for-stm32.13.3.rel1.linux64_1.0.0.202410170706/tools/bin/../lib/gcc/arm-none-eabi/13.3.1/thumb/v7e-m+fp/hard/libgcc.a(_arm_unorddf2.o)
 .ARM.attributes
                0x00000c93       0x22 /opt/st/stm32cubeide_1.18.0/plugins/com.st.stm32cube.ide.mcu.externaltools.gnu-tools-for-stm32.13.3.rel1.linux64_1.0.0.202410170706/tools/bin/../lib/gcc/arm-none-eabi/13.3.1/thumb/v7e-m+fp/hard/libgcc.a(_aeabi_uldivmod.o)
 .ARM.attributes
                0x00000cb5       0x34 /opt/st/stm32cubeide_1.18.0/plugins/com.st.stm32cube.ide.mcu.externaltools.gnu-tools-for-stm32.13.3.rel1.linux64_1.0.0.202410170706/tools/bin/../lib/gcc/arm-none-eabi/13.3.1/thumb/v7e-m+fp/hard/libgcc.a(_udivmoddi4.o)
 .ARM.attributes
                0x00000ce9       0x22 /opt/st/stm32cubeide_1.18.0/plugins/com.st.stm32cube.ide.mcu.externaltools.gnu-tools-for-stm32.13.3.rel1.linux64_1.0.0.202410170706/tools/bin/../lib/gcc/arm-none-eabi/13.3.1/thumb/v7e-m+fp/hard/libgcc.a(_dvmd_tls.o)
 .ARM.attributes
                0x00000d0b       0x22 /opt/st/stm32cubeide_1.18.0/plugins/com.st.stm32cube.ide.mcu.externaltools.gnu-tools-for-stm32.13.3.rel1.linux64_1.0.0.202410170706/tools/bin/../lib/gcc/arm-none-eabi/13.3.1/thumb/v7e-m+fp/hard/crtn.o
OUTPUT(BALANCE_BALL.elf elf32-littlearm)
LOAD linker stubs
LOAD /opt/st/stm32cubeide_1.18.0/plugins/com.st.stm32cube.ide.mcu.externaltools.gnu-tools-for-stm32.13.3.rel1.linux64_1.0.0.202410170706/tools/bin/../lib/gcc/arm-none-eabi/13.3.1/../../../../arm-none-eabi/lib/thumb/v7e-m+fp/hard/libc.a
LOAD /opt/st/stm32cubeide_1.18.0/plugins/com.st.stm32cube.ide.mcu.externaltools.gnu-tools-for-stm32.13.3.rel1.linux64_1.0.0.202410170706/tools/bin/../lib/gcc/arm-none-eabi/13.3.1/../../../../arm-none-eabi/lib/thumb/v7e-m+fp/hard/libm.a
LOAD /opt/st/stm32cubeide_1.18.0/plugins/com.st.stm32cube.ide.mcu.externaltools.gnu-tools-for-stm32.13.3.rel1.linux64_1.0.0.202410170706/tools/bin/../lib/gcc/arm-none-eabi/13.3.1/thumb/v7e-m+fp/hard/libgcc.a

.debug_info     0x00000000    0x28798
 .debug_info    0x00000000      0x437 ./Core/Src/crc.o
 .debug_info    0x00000437      0x4fb ./Core/Src/dma.o
 .debug_info    0x00000932      0x8ac ./Core/Src/dma2d.o
 .debug_info    0x000011de      0x9a2 ./Core/Src/fmc.o
 .debug_info    0x00001b80      0x522 ./Core/Src/freertos.o
 .debug_info    0x000020a2      0x491 ./Core/Src/gpio.o
 .debug_info    0x00002533      0x9da ./Core/Src/i2c.o
 .debug_info    0x00002f0d      0xc13 ./Core/Src/lcd.o
 .debug_info    0x00003b20      0xd1d ./Core/Src/ltdc.o
 .debug_info    0x0000483d      0xfdd ./Core/Src/main.o
 .debug_info    0x0000581a      0x9a2 ./Core/Src/spi.o
 .debug_info    0x000061bc      0x505 ./Core/Src/stm32f4xx_hal_msp.o
 .debug_info    0x000066c1      0xc40 ./Core/Src/stm32f4xx_hal_timebase_tim.o
 .debug_info    0x00007301     0x12fd ./Core/Src/stm32f4xx_it.o
 .debug_info    0x000085fe      0x52e ./Core/Src/system_stm32f4xx.o
 .debug_info    0x00008b2c      0x9b0 ./Core/Src/tim.o
 .debug_info    0x000094dc      0x935 ./Core/Src/usart.o
 .debug_info    0x00009e11       0x30 ./Core/Startup/startup_stm32f429zitx.o
 .debug_info    0x00009e41      0x9ba ./Drivers/STM32F4xx_HAL_Driver/Src/stm32f4xx_hal.o
 .debug_info    0x0000a7fb      0xdc2 ./Drivers/STM32F4xx_HAL_Driver/Src/stm32f4xx_hal_cortex.o
 .debug_info    0x0000b5bd      0x37f ./Drivers/STM32F4xx_HAL_Driver/Src/stm32f4xx_hal_crc.o
 .debug_info    0x0000b93c      0x8e7 ./Drivers/STM32F4xx_HAL_Driver/Src/stm32f4xx_hal_dma.o
 .debug_info    0x0000c223      0xe6e ./Drivers/STM32F4xx_HAL_Driver/Src/stm32f4xx_hal_dma2d.o
 .debug_info    0x0000d091      0x6db ./Drivers/STM32F4xx_HAL_Driver/Src/stm32f4xx_hal_gpio.o
 .debug_info    0x0000d76c     0x114c ./Drivers/STM32F4xx_HAL_Driver/Src/stm32f4xx_hal_hcd.o
 .debug_info    0x0000e8b8     0x2421 ./Drivers/STM32F4xx_HAL_Driver/Src/stm32f4xx_hal_i2c.o
 .debug_info    0x00010cd9      0x672 ./Drivers/STM32F4xx_HAL_Driver/Src/stm32f4xx_hal_i2c_ex.o
 .debug_info    0x0001134b     0x1022 ./Drivers/STM32F4xx_HAL_Driver/Src/stm32f4xx_hal_ltdc.o
 .debug_info    0x0001236d      0x8c7 ./Drivers/STM32F4xx_HAL_Driver/Src/stm32f4xx_hal_rcc.o
 .debug_info    0x00012c34      0x64c ./Drivers/STM32F4xx_HAL_Driver/Src/stm32f4xx_hal_rcc_ex.o
 .debug_info    0x00013280      0xeb4 ./Drivers/STM32F4xx_HAL_Driver/Src/stm32f4xx_hal_sdram.o
 .debug_info    0x00014134     0x1525 ./Drivers/STM32F4xx_HAL_Driver/Src/stm32f4xx_hal_spi.o
 .debug_info    0x00015659     0x299d ./Drivers/STM32F4xx_HAL_Driver/Src/stm32f4xx_hal_tim.o
 .debug_info    0x00017ff6     0x14db ./Drivers/STM32F4xx_HAL_Driver/Src/stm32f4xx_hal_tim_ex.o
 .debug_info    0x000194d1     0x2f4f ./Drivers/STM32F4xx_HAL_Driver/Src/stm32f4xx_hal_uart.o
 .debug_info    0x0001c420      0xe08 ./Drivers/STM32F4xx_HAL_Driver/Src/stm32f4xx_ll_fmc.o
 .debug_info    0x0001d228     0x1993 ./Drivers/STM32F4xx_HAL_Driver/Src/stm32f4xx_ll_usb.o
 .debug_info    0x0001ebbb     0x16f5 ./Middlewares/ST/STM32_USB_Host_Library/Core/Src/usbh_core.o
 .debug_info    0x000202b0      0xb0a ./Middlewares/ST/STM32_USB_Host_Library/Core/Src/usbh_pipes.o
 .debug_info    0x00020dba     0x1bfc ./Middlewares/Third_Party/FreeRTOS/Source/CMSIS_RTOS/cmsis_os.o
 .debug_info    0x000229b6      0x2af ./Middlewares/Third_Party/FreeRTOS/Source/list.o
 .debug_info    0x00022c65     0x19b5 ./Middlewares/Third_Party/FreeRTOS/Source/queue.o
 .debug_info    0x0002461a     0x1ee2 ./Middlewares/Third_Party/FreeRTOS/Source/tasks.o
 .debug_info    0x000264fc      0x4de ./Middlewares/Third_Party/FreeRTOS/Source/portable/GCC/ARM_CM4F/port.o
 .debug_info    0x000269da     0x1dbe ./USB_HOST/Target/usbh_conf.o

.debug_abbrev   0x00000000     0x6334
 .debug_abbrev  0x00000000      0x19b ./Core/Src/crc.o
 .debug_abbrev  0x0000019b      0x10e ./Core/Src/dma.o
 .debug_abbrev  0x000002a9      0x1f8 ./Core/Src/dma2d.o
 .debug_abbrev  0x000004a1      0x23b ./Core/Src/fmc.o
 .debug_abbrev  0x000006dc      0x19a ./Core/Src/freertos.o
 .debug_abbrev  0x00000876      0x152 ./Core/Src/gpio.o
 .debug_abbrev  0x000009c8      0x20a ./Core/Src/i2c.o
 .debug_abbrev  0x00000bd2      0x2e1 ./Core/Src/lcd.o
 .debug_abbrev  0x00000eb3      0x1eb ./Core/Src/ltdc.o
 .debug_abbrev  0x0000109e      0x2b0 ./Core/Src/main.o
 .debug_abbrev  0x0000134e      0x20e ./Core/Src/spi.o
 .debug_abbrev  0x0000155c      0x119 ./Core/Src/stm32f4xx_hal_msp.o
 .debug_abbrev  0x00001675      0x1f4 ./Core/Src/stm32f4xx_hal_timebase_tim.o
 .debug_abbrev  0x00001869      0x1d7 ./Core/Src/stm32f4xx_it.o
 .debug_abbrev  0x00001a40      0x11a ./Core/Src/system_stm32f4xx.o
 .debug_abbrev  0x00001b5a      0x1d8 ./Core/Src/tim.o
 .debug_abbrev  0x00001d32      0x1f9 ./Core/Src/usart.o
 .debug_abbrev  0x00001f2b       0x24 ./Core/Startup/startup_stm32f429zitx.o
 .debug_abbrev  0x00001f4f      0x214 ./Drivers/STM32F4xx_HAL_Driver/Src/stm32f4xx_hal.o
 .debug_abbrev  0x00002163      0x31d ./Drivers/STM32F4xx_HAL_Driver/Src/stm32f4xx_hal_cortex.o
 .debug_abbrev  0x00002480      0x1b1 ./Drivers/STM32F4xx_HAL_Driver/Src/stm32f4xx_hal_crc.o
 .debug_abbrev  0x00002631      0x264 ./Drivers/STM32F4xx_HAL_Driver/Src/stm32f4xx_hal_dma.o
 .debug_abbrev  0x00002895      0x23e ./Drivers/STM32F4xx_HAL_Driver/Src/stm32f4xx_hal_dma2d.o
 .debug_abbrev  0x00002ad3      0x1d4 ./Drivers/STM32F4xx_HAL_Driver/Src/stm32f4xx_hal_gpio.o
 .debug_abbrev  0x00002ca7      0x296 ./Drivers/STM32F4xx_HAL_Driver/Src/stm32f4xx_hal_hcd.o
 .debug_abbrev  0x00002f3d      0x2ad ./Drivers/STM32F4xx_HAL_Driver/Src/stm32f4xx_hal_i2c.o
 .debug_abbrev  0x000031ea      0x157 ./Drivers/STM32F4xx_HAL_Driver/Src/stm32f4xx_hal_i2c_ex.o
 .debug_abbrev  0x00003341      0x233 ./Drivers/STM32F4xx_HAL_Driver/Src/stm32f4xx_hal_ltdc.o
 .debug_abbrev  0x00003574      0x2b7 ./Drivers/STM32F4xx_HAL_Driver/Src/stm32f4xx_hal_rcc.o
 .debug_abbrev  0x0000382b      0x1b0 ./Drivers/STM32F4xx_HAL_Driver/Src/stm32f4xx_hal_rcc_ex.o
 .debug_abbrev  0x000039db      0x240 ./Drivers/STM32F4xx_HAL_Driver/Src/stm32f4xx_hal_sdram.o
 .debug_abbrev  0x00003c1b      0x27a ./Drivers/STM32F4xx_HAL_Driver/Src/stm32f4xx_hal_spi.o
 .debug_abbrev  0x00003e95      0x278 ./Drivers/STM32F4xx_HAL_Driver/Src/stm32f4xx_hal_tim.o
 .debug_abbrev  0x0000410d      0x283 ./Drivers/STM32F4xx_HAL_Driver/Src/stm32f4xx_hal_tim_ex.o
 .debug_abbrev  0x00004390      0x30e ./Drivers/STM32F4xx_HAL_Driver/Src/stm32f4xx_hal_uart.o
 .debug_abbrev  0x0000469e      0x1ab ./Drivers/STM32F4xx_HAL_Driver/Src/stm32f4xx_ll_fmc.o
 .debug_abbrev  0x00004849      0x2b3 ./Drivers/STM32F4xx_HAL_Driver/Src/stm32f4xx_ll_usb.o
 .debug_abbrev  0x00004afc      0x3ca ./Middlewares/ST/STM32_USB_Host_Library/Core/Src/usbh_core.o
 .debug_abbrev  0x00004ec6      0x289 ./Middlewares/ST/STM32_USB_Host_Library/Core/Src/usbh_pipes.o
 .debug_abbrev  0x0000514f      0x3b7 ./Middlewares/Third_Party/FreeRTOS/Source/CMSIS_RTOS/cmsis_os.o
 .debug_abbrev  0x00005506       0xf5 ./Middlewares/Third_Party/FreeRTOS/Source/list.o
 .debug_abbrev  0x000055fb      0x3b5 ./Middlewares/Third_Party/FreeRTOS/Source/queue.o
 .debug_abbrev  0x000059b0      0x378 ./Middlewares/Third_Party/FreeRTOS/Source/tasks.o
 .debug_abbrev  0x00005d28      0x25c ./Middlewares/Third_Party/FreeRTOS/Source/portable/GCC/ARM_CM4F/port.o
 .debug_abbrev  0x00005f84      0x3b0 ./USB_HOST/Target/usbh_conf.o

.debug_aranges  0x00000000     0x22b0
 .debug_aranges
                0x00000000       0x30 ./Core/Src/crc.o
 .debug_aranges
                0x00000030       0x20 ./Core/Src/dma.o
 .debug_aranges
                0x00000050       0x30 ./Core/Src/dma2d.o
 .debug_aranges
                0x00000080       0x40 ./Core/Src/fmc.o
 .debug_aranges
                0x000000c0       0x48 ./Core/Src/freertos.o
 .debug_aranges
                0x00000108       0x20 ./Core/Src/gpio.o
 .debug_aranges
                0x00000128       0x30 ./Core/Src/i2c.o
 .debug_aranges
                0x00000158       0xa0 ./Core/Src/lcd.o
 .debug_aranges
                0x000001f8       0x30 ./Core/Src/ltdc.o
 .debug_aranges
                0x00000228       0x50 ./Core/Src/main.o
 .debug_aranges
                0x00000278       0x30 ./Core/Src/spi.o
 .debug_aranges
                0x000002a8       0x20 ./Core/Src/stm32f4xx_hal_msp.o
 .debug_aranges
                0x000002c8       0x30 ./Core/Src/stm32f4xx_hal_timebase_tim.o
 .debug_aranges
                0x000002f8       0x70 ./Core/Src/stm32f4xx_it.o
 .debug_aranges
                0x00000368       0x28 ./Core/Src/system_stm32f4xx.o
 .debug_aranges
                0x00000390       0x30 ./Core/Src/tim.o
 .debug_aranges
                0x000003c0       0x30 ./Core/Src/usart.o
 .debug_aranges
                0x000003f0       0x28 ./Core/Startup/startup_stm32f429zitx.o
 .debug_aranges
                0x00000418      0x100 ./Drivers/STM32F4xx_HAL_Driver/Src/stm32f4xx_hal.o
 .debug_aranges
                0x00000518      0x130 ./Drivers/STM32F4xx_HAL_Driver/Src/stm32f4xx_hal_cortex.o
 .debug_aranges
                0x00000648       0x50 ./Drivers/STM32F4xx_HAL_Driver/Src/stm32f4xx_hal_crc.o
 .debug_aranges
                0x00000698       0x90 ./Drivers/STM32F4xx_HAL_Driver/Src/stm32f4xx_hal_dma.o
 .debug_aranges
                0x00000728      0x118 ./Drivers/STM32F4xx_HAL_Driver/Src/stm32f4xx_hal_dma2d.o
 .debug_aranges
                0x00000840       0x58 ./Drivers/STM32F4xx_HAL_Driver/Src/stm32f4xx_hal_gpio.o
 .debug_aranges
                0x00000898      0x108 ./Drivers/STM32F4xx_HAL_Driver/Src/stm32f4xx_hal_hcd.o
 .debug_aranges
                0x000009a0      0x2a8 ./Drivers/STM32F4xx_HAL_Driver/Src/stm32f4xx_hal_i2c.o
 .debug_aranges
                0x00000c48       0x28 ./Drivers/STM32F4xx_HAL_Driver/Src/stm32f4xx_hal_i2c_ex.o
 .debug_aranges
                0x00000c70      0x158 ./Drivers/STM32F4xx_HAL_Driver/Src/stm32f4xx_hal_ltdc.o
 .debug_aranges
                0x00000dc8       0x88 ./Drivers/STM32F4xx_HAL_Driver/Src/stm32f4xx_hal_rcc.o
 .debug_aranges
                0x00000e50       0x58 ./Drivers/STM32F4xx_HAL_Driver/Src/stm32f4xx_hal_rcc_ex.o
 .debug_aranges
                0x00000ea8       0xe8 ./Drivers/STM32F4xx_HAL_Driver/Src/stm32f4xx_hal_sdram.o
 .debug_aranges
                0x00000f90      0x1d0 ./Drivers/STM32F4xx_HAL_Driver/Src/stm32f4xx_hal_spi.o
 .debug_aranges
                0x00001160      0x3d0 ./Drivers/STM32F4xx_HAL_Driver/Src/stm32f4xx_hal_tim.o
 .debug_aranges
                0x00001530      0x168 ./Drivers/STM32F4xx_HAL_Driver/Src/stm32f4xx_hal_tim_ex.o
 .debug_aranges
                0x00001698      0x208 ./Drivers/STM32F4xx_HAL_Driver/Src/stm32f4xx_hal_uart.o
 .debug_aranges
                0x000018a0       0xf0 ./Drivers/STM32F4xx_HAL_Driver/Src/stm32f4xx_ll_fmc.o
 .debug_aranges
                0x00001990      0x1a0 ./Drivers/STM32F4xx_HAL_Driver/Src/stm32f4xx_ll_usb.o
 .debug_aranges
                0x00001b30       0xd0 ./Middlewares/ST/STM32_USB_Host_Library/Core/Src/usbh_core.o
 .debug_aranges
                0x00001c00       0x40 ./Middlewares/ST/STM32_USB_Host_Library/Core/Src/usbh_pipes.o
 .debug_aranges
                0x00001c40      0x1d8 ./Middlewares/Third_Party/FreeRTOS/Source/CMSIS_RTOS/cmsis_os.o
 .debug_aranges
                0x00001e18       0x40 ./Middlewares/Third_Party/FreeRTOS/Source/list.o
 .debug_aranges
                0x00001e58      0x128 ./Middlewares/Third_Party/FreeRTOS/Source/queue.o
 .debug_aranges
                0x00001f80      0x1d8 ./Middlewares/Third_Party/FreeRTOS/Source/tasks.o
 .debug_aranges
                0x00002158       0x80 ./Middlewares/Third_Party/FreeRTOS/Source/portable/GCC/ARM_CM4F/port.o
 .debug_aranges
                0x000021d8       0xd8 ./USB_HOST/Target/usbh_conf.o

.debug_rnglists
                0x00000000     0x1ac5
 .debug_rnglists
                0x00000000       0x1f ./Core/Src/crc.o
 .debug_rnglists
                0x0000001f       0x13 ./Core/Src/dma.o
 .debug_rnglists
                0x00000032       0x1f ./Core/Src/dma2d.o
 .debug_rnglists
                0x00000051       0x2d ./Core/Src/fmc.o
 .debug_rnglists
                0x0000007e       0x31 ./Core/Src/freertos.o
 .debug_rnglists
                0x000000af       0x14 ./Core/Src/gpio.o
 .debug_rnglists
                0x000000c3       0x21 ./Core/Src/i2c.o
 .debug_rnglists
                0x000000e4       0x78 ./Core/Src/lcd.o
 .debug_rnglists
                0x0000015c       0x22 ./Core/Src/ltdc.o
 .debug_rnglists
                0x0000017e       0x38 ./Core/Src/main.o
 .debug_rnglists
                0x000001b6       0x20 ./Core/Src/spi.o
 .debug_rnglists
                0x000001d6       0x13 ./Core/Src/stm32f4xx_hal_msp.o
 .debug_rnglists
                0x000001e9       0x20 ./Core/Src/stm32f4xx_hal_timebase_tim.o
 .debug_rnglists
                0x00000209       0x4f ./Core/Src/stm32f4xx_it.o
 .debug_rnglists
                0x00000258       0x1a ./Core/Src/system_stm32f4xx.o
 .debug_rnglists
                0x00000272       0x20 ./Core/Src/tim.o
 .debug_rnglists
                0x00000292       0x20 ./Core/Src/usart.o
 .debug_rnglists
                0x000002b2       0x19 ./Core/Startup/startup_stm32f429zitx.o
 .debug_rnglists
                0x000002cb       0xbb ./Drivers/STM32F4xx_HAL_Driver/Src/stm32f4xx_hal.o
 .debug_rnglists
                0x00000386       0xe0 ./Drivers/STM32F4xx_HAL_Driver/Src/stm32f4xx_hal_cortex.o
 .debug_rnglists
                0x00000466       0x37 ./Drivers/STM32F4xx_HAL_Driver/Src/stm32f4xx_hal_crc.o
 .debug_rnglists