../Core/Src/lcd.c:48:13:lcd_cmd	16	static
../Core/Src/lcd.c:54:13:lcd_data	16	static
../Core/Src/lcd.c:60:13:lcd_data16	16	static
../Core/Src/lcd.c:64:13:lcd_send	16	static
../Core/Src/lcd.c:71:6:lcd_init	16	static
../Core/Src/lcd.c:88:13:lcd_set_window	24	static
../Core/Src/lcd.c:96:6:lcd_update_rectangle	24	static
../Core/Src/lcd.c:103:6:lcd_update_circle	24	static
../Core/Src/lcd.c:110:6:lcd_put_pixel	32	static,ignoring_inline_asm
../Core/Src/lcd.c:113:13:lcd_put_rect_to_buffer	16	static
../Core/Src/lcd.c:122:13:lcd_put_circ_to_buffer	40	static
../Core/Src/lcd.c:133:13:put_figures_to_buffer	24	static
../Core/Src/lcd.c:139:6:lcd_update	8	static
../Core/Src/lcd.c:150:6:lcd_transfer_done	8	static
../Core/Src/lcd.c:153:6:lcd_is_busy	8	static
../Core/Src/lcd.c:157:13:send_next_chunk	8	static
../Core/Src/lcd.c:165:6:go_for_next_chunk	8	static
