../Core/Src/lcd.c:45:13:lcd_cmd	16	static
../Core/Src/lcd.c:51:13:lcd_data	16	static
../Core/Src/lcd.c:57:13:lcd_data16	16	static
../Core/Src/lcd.c:61:13:lcd_send	16	static
../Core/Src/lcd.c:68:6:lcd_init	16	static
../Core/Src/lcd.c:85:13:lcd_set_window	24	static
../Core/Src/lcd.c:93:6:lcd_put_rectangle	32	static
../Core/Src/lcd.c:100:6:lcd_put_pixel	32	static,ignoring_inline_asm
../Core/Src/lcd.c:103:6:lcd_update	8	static
../Core/Src/lcd.c:112:6:lcd_transfer_done	8	static
../Core/Src/lcd.c:115:6:lcd_is_busy	8	static
../Core/Src/lcd.c:119:6:send_next_chunk	8	static
../Core/Src/lcd.c:127:6:go_for_next_chunk	8	static
