../Core/Src/lcd.c:53:13:lcd_cmd	16	static
../Core/Src/lcd.c:65:13:lcd_data	16	static
../Core/Src/lcd.c:71:13:lcd_data16	16	static
../Core/Src/lcd.c:75:13:lcd_send	16	static
../Core/Src/lcd.c:82:6:lcd_init	16	static
../Core/Src/lcd.c:100:13:lcd_set_window	24	static
../Core/Src/lcd.c:108:6:lcd_set_rectangle	24	static
../Core/Src/lcd.c:115:6:lcd_set_circle	24	static
../Core/Src/lcd.c:121:13:send_circle	24	static
../Core/Src/lcd.c:136:13:clear_former_horizontal	56	static
../Core/Src/lcd.c:159:13:clear_former_vertical	56	static
../Core/Src/lcd.c:182:13:clear_former_circle	32	static
../Core/Src/lcd.c:186:6:lcd_delta_circle	24	static
../Core/Src/lcd.c:198:6:lcd_update_circle	48	static
../Core/Src/lcd.c:204:6:lcd_put_pixel	32	static,ignoring_inline_asm
../Core/Src/lcd.c:207:13:lcd_put_rect_to_buffer	16	static
../Core/Src/lcd.c:216:13:lcd_put_circ_to_buffer	40	static
../Core/Src/lcd.c:227:13:put_figures_to_buffer	32	static,ignoring_inline_asm
../Core/Src/lcd.c:237:6:lcd_update	8	static
../Core/Src/lcd.c:252:6:lcd_transfer_done	8	static
../Core/Src/lcd.c:255:6:lcd_is_busy	8	static
../Core/Src/lcd.c:259:13:send_next_chunk	8	static
../Core/Src/lcd.c:270:6:go_for_next_chunk	8	static
../Core/Src/lcd.c:282:6:check_collision	8	static
../Core/Src/lcd.c:291:6:check_inside_screen	16	static
