../Core/Src/main.c:87:6:click_led	8	static
../Core/Src/main.c:111:6:HAL_SPI_TxCpltCallback	16	static
../Core/Src/main.c:116:6:lcd_print_all_chars	80	static
../Core/Src/main.c:128:6:set_new_figs	16	static
../Core/Src/main.c:137:6:set_up_menu	88	static
../Core/Src/main.c:171:6:setup_first_lvl	16	static
../Core/Src/main.c:180:6:setup_end	80	static
../Core/Src/main.c:205:6:set_screen	8	static
../Core/Src/main.c:227:5:main	8	static
../Core/Src/main.c:317:6:SystemClock_Config	88	static
../Core/Src/main.c:370:6:HAL_TIM_PeriodElapsedCallback	16	static
../Core/Src/main.c:396:6:Error_Handler	4	static,ignoring_inline_asm
